Microchip MPLAB XC8 Compiler V2.30

Linker command line:

-W-3 --edf=/opt/microchip/xc8/v2.30/pic/dat/en_msgs.txt -cn \
  -h+dist/default/debug/the3.X.debug.sym \
  --cmf=dist/default/debug/the3.X.debug.cmf -z -w9 --disl=596:off -Q18F4620 \
  -o/tmp/xcXebDlOj --defsym=__MPLAB_BUILD=1 \
  -Mdist/default/debug/the3.X.debug.map -E1 -ver=XC8 Compiler --acfsm=1493 \
  -ACODE=00h-0FFFFh -ACONST=00h-0FFFFh -ASMALLCONST=01000h-010FFhx240 \
  -AMEDIUMCONST=01000h-0FFFFh -ACOMRAM=01h-07Fh -AABS1=00h-0F7Fh \
  -ABIGRAM=01h-0F7Fh -ARAM=080h-0FFh,0100h-01FFhx14,0F00h-0F7Fh \
  -ABANK0=080h-0FFh -ABANK1=0100h-01FFh -ABANK2=0200h-02FFh \
  -ABANK3=0300h-03FFh -ABANK4=0400h-04FFh -ABANK5=0500h-05FFh \
  -ABANK6=0600h-06FFh -ABANK7=0700h-07FFh -ABANK8=0800h-08FFh \
  -ABANK9=0900h-09FFh -ABANK10=0A00h-0AFFh -ABANK11=0B00h-0BFFh \
  -ABANK12=0C00h-0CFFh -ABANK13=0D00h-0DFFh -ABANK14=0E00h-0EFFh \
  -ABANK15=0F00h-0F7Fh -ASFR=0F80h-0FFFh -ACONFIG=0300000h-030000Dh \
  -AIDLOC=0200000h-0200007h -AEEDATA=0F00000h-0F003FFh -peeprom_data=EEDATA \
  -preset_vec=00h,intcode,intcodelo,powerup,init -pramtop=01000h \
  -psmallconst=SMALLCONST -pmediumconst=MEDIUMCONST -pconst=CONST \
  -AFARRAM=00h-00h \
  -prdata=COMRAM,nvrram=COMRAM,nvbit=COMRAM,rbss=COMRAM,rbit=COMRAM \
  -pfarbss=FARRAM,fardata=FARRAM,nvFARRAM=FARRAM \
  -pintsave_regs=BIGRAM,bigbss=BIGRAM,bigdata=BIGRAM -pbss=RAM \
  -pidata=CODE,irdata=CODE,ibigdata=CODE,ifardata=CODE /tmp/xcXBDCEHF.o \
  dist/default/debug/the3.X.debug.o 

Object code version is 3.11

Machine type is 18F4620



                Name                               Link     Load   Length Selector   Space Scale
/tmp/xcXBDCEHF.o
                idloc                            200000   200000        8        0       5
                config                           300000   300000        E        0       4
                init                                  6        6        4        0       0
dist/default/debug/the3.X.debug.o
                intcode                               0        0        6        0       0
                idloc                            200000   200000        8        0       5
                config                           300000   300000        E        0       4
                temp                                 7F       7F        1        1       1
                smallconst                         1000     1000       36      800       0
                text26                             1D12     1D12       B0      81B       0
                text25                             1860     1860      188      81B       0
                text24                             19E8     19E8      164      81B       0
                text23                             2236     2236       40      81B       0
                text22                             2452     2452        2      81B       0
                text21                             1F00     1F00       96      81B       0
                text20                             21B2     21B2       44      81B       0
                text19                             231C     231C       36      81B       0
                text18                             1C50     1C50       C2      81B       0
                text17                             13CC     13CC      2E0      81B       0
                text16                             16AC     16AC      1B4      81B       0
                text15                             210A     210A       62      81B       0
                text14                             23E6     23E6       26      81B       0
                text13                             23B6     23B6       30      81B       0
                text12                             2384     2384       32      81B       0
                text11                             22AE     22AE       38      81B       0
                text10                             2096     2096       74      81B       0
                text9                              1E66     1E66       9A      81B       0
                intcode_body                       1036     1036      396      81B       0
                text7                              22E6     22E6       36      81B       0
                text6                              2352     2352       32      81B       0
                text5                              2276     2276       38      81B       0
                text4                              21F6     21F6       40      81B       0
                text3                              2016     2016       80      81B       0
                text2                              240C     240C       24      81B       0
                text1                              1DC2     1DC2       A4      81B       0
                text0                              1B4C     1B4C      104      81B       0
                cstackCOMRAM                          1        1       79        1       1
                cstackBANK0                          C6       C6       15       80       1
                cstackBANK1                         188      188        E      100       1
                dataBANK1                           166      166       22      100       1
                bssBANK1                            100      100       66      100       1
                dataBANK0                            80       80       46       80       1
                bssBANK0                             DB       DB       13       80       1
                dataCOMRAM                           7E       7E        1        1       1
                bssCOMRAM                            7A       7A        4        1       1
                cinit                              1F96     1F96       80      81B       0
                idataBANK1                         2430     2430       22      81B       0
                idataBANK0                         216C     216C       46      81B       0
                idataCOMRAM                        2454     2454        1      81B       0

TOTAL           Name                               Link     Load   Length     Space
        CLASS   CODE           
                intcode                               0        0        6         0
                init                                  6        6        4         0
                text26                             1D12     1D12       B0         0
                text25                             1860     1860      188         0
                text24                             19E8     19E8      164         0
                text23                             2236     2236       40         0
                text22                             2452     2452        2         0
                text21                             1F00     1F00       96         0
                text20                             21B2     21B2       44         0
                text19                             231C     231C       36         0
                text18                             1C50     1C50       C2         0
                text17                             13CC     13CC      2E0         0
                text16                             16AC     16AC      1B4         0
                text15                             210A     210A       62         0
                text14                             23E6     23E6       26         0
                text13                             23B6     23B6       30         0
                text12                             2384     2384       32         0
                text11                             22AE     22AE       38         0
                text10                             2096     2096       74         0
                text9                              1E66     1E66       9A         0
                intcode_body                       1036     1036      396         0
                text7                              22E6     22E6       36         0
                text6                              2352     2352       32         0
                text5                              2276     2276       38         0
                text4                              21F6     21F6       40         0
                text3                              2016     2016       80         0
                text2                              240C     240C       24         0
                text1                              1DC2     1DC2       A4         0
                text0                              1B4C     1B4C      104         0
                cinit                              1F96     1F96       80         0
                idataBANK1                         2430     2430       22         0
                idataBANK0                         216C     216C       46         0
                idataCOMRAM                        2454     2454        1         0

        CLASS   CONST          

        CLASS   SMALLCONST     
                smallconst                         1000     1000       36         0

        CLASS   MEDIUMCONST    

        CLASS   COMRAM         
                temp                                 7F       7F        1         1
                cstackCOMRAM                          1        1       79         1
                dataCOMRAM                           7E       7E        1         1
                bssCOMRAM                            7A       7A        4         1

        CLASS   ABS1           

        CLASS   BIGRAM         

        CLASS   RAM            

        CLASS   BANK0          
                cstackBANK0                          C6       C6       15         1
                dataBANK0                            80       80       46         1
                bssBANK0                             DB       DB       13         1

        CLASS   BANK1          
                cstackBANK1                         188      188        E         1
                dataBANK1                           166      166       22         1
                bssBANK1                            100      100       66         1

        CLASS   BANK2          

        CLASS   BANK3          

        CLASS   BANK4          

        CLASS   BANK5          

        CLASS   BANK6          

        CLASS   BANK7          

        CLASS   BANK8          

        CLASS   BANK9          

        CLASS   BANK10         

        CLASS   BANK11         

        CLASS   BANK12         

        CLASS   BANK13         

        CLASS   BANK14         

        CLASS   BANK15         

        CLASS   SFR            

        CLASS   CONFIG         
                config                           300000   300000        E         4

        CLASS   IDLOC          
                idloc                            200000   200000        8         5

        CLASS   EEDATA         

        CLASS   FARRAM         

        CLASS   STACK          



SEGMENTS        Name                           Load    Length   Top    Selector   Space  Class

                reset_vec                      000000  00000A  00000A         0       0  CODE    
                bssBANK1                       000100  000096  000196       100       1  BANK1   
                intcode_body                   001036  00141F  002455       81B       0  CODE    
                dataBANK0                      000080  00006E  0000EE        80       1  BANK0   
                smallconst                     001000  000036  001036       800       0  SMALLCON
                cstackCOMRAM                   000001  00007F  000080         1       1  COMRAM  


UNUSED ADDRESS RANGES

        Name                Unused          Largest block    Delta
        BANK0            0000EE-0000FF               12
        BANK1            000196-0001FF               6A
        BANK10           000A00-000AFF              100
        BANK11           000B00-000BFF              100
        BANK12           000C00-000CFF              100
        BANK13           000D00-000DFF              100
        BANK14           000E00-000EFF              100
        BANK15           000F00-000F7F               80
        BANK2            000200-0002FF              100
        BANK3            000300-0003FF              100
        BANK4            000400-0004FF              100
        BANK5            000500-0005FF              100
        BANK6            000600-0006FF              100
        BANK7            000700-0007FF              100
        BANK8            000800-0008FF              100
        BANK9            000900-0009FF              100
        BIGRAM           0000EE-0000FF               12
                         000196-000F7F              DEA
        CODE             00000A-000FFF              FF6
                         002455-00FFFF             DBAB
        CONST            00000A-000FFF              FF6
                         002455-00FFFF             DBAB
        EEDATA           F00000-F003FF              400
        MEDIUMCONST      002455-00FFFF             DBAB
        RAM              0000EE-0000FF               12
                         000196-000F7F              100
        SFR              000F80-000FFF               80
        SMALLCONST       002455-00FFFF              100

                                  Symbol Table

?___aodiv                                cstackCOMRAM 000001
?___aomod                                cstackCOMRAM 000001
?___awmod                                cstackCOMRAM 000001
?_abs                                    cstackCOMRAM 000013
?_dtoa                                   cstackCOMRAM 00001C
?_pad                                    cstackCOMRAM 000011
?_printf                                 cstackCOMRAM 000058
?_readADCChannel                         cstackBANK0  0000D8
?_strlen                                 cstackCOMRAM 000001
?_vfpfcnvrt                              cstackCOMRAM 000040
?_vfprintf                               cstackCOMRAM 000050
FNC@interrupt_time                       cstackCOMRAM 000076
FNC@last_interrupt_time                  bssBANK0     0000DB
FNC@oldX                                 cstackCOMRAM 000072
FNC@oldY                                 cstackCOMRAM 000074
LCDAddSpecialCharacter@character_index   cstackBANK1  00018A
LCDAddSpecialCharacter@data              cstackBANK1  000188
LCDAddSpecialCharacter@i                 cstackBANK1  00018B
LCDCmd@cmd                               cstackBANK0  0000D9
LCDDat@dat                               cstackBANK0  0000D9
LCDGoto@p_1                              cstackBANK0  0000DA
LCDGoto@p_2                              cstackBANK1  000188
_ADCON0bits                              (abs)        000FC2
_ADCON1bits                              (abs)        000FC1
_ADCON2bits                              (abs)        000FC0
_ADRESH                                  (abs)        000FC4
_ADRESL                                  (abs)        000FC3
_CONVERT                                 bssBANK0     0000E5
_FNC                                     intcode      000000
_INTCONbits                              (abs)        000FF2
_InitLCD                                 text6        002352
_LATA                                    (abs)        000F89
_LCDAddSpecialCharacter                  text4        0021F6
_LCDCmd                                  text7        0022E6
_LCDDat                                  text5        002276
_LCDGoto                                 text3        002016
_PIR1bits                                (abs)        000F9E
_PORTA                                   (abs)        000F80
_PORTBbits                               (abs)        000F81
_PORTD                                   (abs)        000F83
_PORTEbits                               (abs)        000F84
_T0CON                                   (abs)        000FD5
_TMR0                                    (abs)        000FD6
_TMR0IF                                  (abs)        007F92
_TRISA                                   (abs)        000F92
_TRISAbits                               (abs)        000F92
_TRISB                                   (abs)        000F93
_TRISBbits                               (abs)        000F93
_TRISD                                   (abs)        000F95
_TRISEbits                               (abs)        000F96
__HRAM                                   (abs)        000000
__Habs1                                  abs1         000000
__Hbank0                                 bank0        000000
__Hbank1                                 bank1        000000
__Hbank10                                bank10       000000
__Hbank11                                bank11       000000
__Hbank12                                bank12       000000
__Hbank13                                bank13       000000
__Hbank14                                bank14       000000
__Hbank15                                bank15       000000
__Hbank2                                 bank2        000000
__Hbank3                                 bank3        000000
__Hbank4                                 bank4        000000
__Hbank5                                 bank5        000000
__Hbank6                                 bank6        000000
__Hbank7                                 bank7        000000
__Hbank8                                 bank8        000000
__Hbank9                                 bank9        000000
__Hbigbss                                bigbss       000000
__Hbigdata                               bigdata      000000
__Hbigram                                bigram       000000
__Hbss                                   bss          000000
__HbssBANK0                              bssBANK0     000000
__HbssBANK1                              bssBANK1     000000
__HbssCOMRAM                             bssCOMRAM    000000
__Hcinit                                 cinit        000000
__Hclrtext                               clrtext      000000
__Hcomram                                comram       000000
__Hconfig                                config       30000E
__Hconst                                 const        000000
__HcstackBANK0                           cstackBANK0  000000
__HcstackBANK1                           cstackBANK1  000000
__HcstackCOMRAM                          cstackCOMRAM 000000
__Hdata                                  data         000000
__HdataBANK0                             dataBANK0    000000
__HdataBANK1                             dataBANK1    000000
__HdataCOMRAM                            dataCOMRAM   000000
__Heeprom_data                           eeprom_data  000000
__Hfarbss                                farbss       000000
__Hfardata                               fardata      000000
__Hibigdata                              ibigdata     000000
__Hidata                                 idata        000000
__HidataBANK0                            idataBANK0   000000
__HidataBANK1                            idataBANK1   000000
__HidataCOMRAM                           idataCOMRAM  000000
__Hidloc                                 idloc        200008
__Hifardata                              ifardata     000000
__Hinit                                  init         00000A
__Hintcode                               intcode      000006
__Hintcode_body                          intcode_body 000000
__Hintcodelo                             intcodelo    000006
__Hintentry                              intentry     000000
__Hintret                                intret       000000
__Hintsave_regs                          intsave_regs 000000
__Hirdata                                irdata       000000
__Hmediumconst                           mediumconst  000000
__HnvFARRAM                              nvFARRAM     000000
__Hnvbit                                 nvbit        000000
__Hnvrram                                nvrram       000000
__Hparam                                 rparam       000000
__Hpowerup                               powerup      000006
__Hram                                   ram          000000
__Hramtop                                ramtop       001000
__Hrbit                                  rbit         000000
__Hrbss                                  rbss         000000
__Hrdata                                 rdata        000000
__Hreset_vec                             reset_vec    000000
__Hrparam                                rparam       000000
__Hsfr                                   sfr          000000
__Hsmallconst                            smallconst   001036
__Hspace_0                               (abs)        002455
__Hspace_1                               (abs)        000196
__Hspace_2                               (abs)        000000
__Hspace_4                               (abs)        60000E
__Hstack                                 stack        000000
__Hstruct                                struct       000000
__Htemp                                  temp         000080
__Htext                                  text         000000
__Htext0                                 text0        000000
__Htext1                                 text1        000000
__Htext10                                text10       000000
__Htext11                                text11       000000
__Htext12                                text12       000000
__Htext13                                text13       000000
__Htext14                                text14       000000
__Htext15                                text15       000000
__Htext16                                text16       000000
__Htext17                                text17       000000
__Htext18                                text18       000000
__Htext19                                text19       000000
__Htext2                                 text2        000000
__Htext20                                text20       000000
__Htext21                                text21       000000
__Htext22                                text22       000000
__Htext23                                text23       000000
__Htext24                                text24       000000
__Htext25                                text25       000000
__Htext26                                text26       000000
__Htext3                                 text3        000000
__Htext4                                 text4        000000
__Htext5                                 text5        000000
__Htext6                                 text6        000000
__Htext7                                 text7        000000
__Htext9                                 text9        000000
__LRAM                                   (abs)        000001
__Labs1                                  abs1         000000
__Lbank0                                 bank0        000000
__Lbank1                                 bank1        000000
__Lbank10                                bank10       000000
__Lbank11                                bank11       000000
__Lbank12                                bank12       000000
__Lbank13                                bank13       000000
__Lbank14                                bank14       000000
__Lbank15                                bank15       000000
__Lbank2                                 bank2        000000
__Lbank3                                 bank3        000000
__Lbank4                                 bank4        000000
__Lbank5                                 bank5        000000
__Lbank6                                 bank6        000000
__Lbank7                                 bank7        000000
__Lbank8                                 bank8        000000
__Lbank9                                 bank9        000000
__Lbigbss                                bigbss       000000
__Lbigdata                               bigdata      000000
__Lbigram                                bigram       000000
__Lbss                                   bss          000000
__LbssBANK0                              bssBANK0     000000
__LbssBANK1                              bssBANK1     000000
__LbssCOMRAM                             bssCOMRAM    000000
__Lcinit                                 cinit        000000
__Lclrtext                               clrtext      000000
__Lcomram                                comram       000000
__Lconfig                                config       000000
__Lconst                                 const        000000
__LcstackBANK0                           cstackBANK0  000000
__LcstackBANK1                           cstackBANK1  000000
__LcstackCOMRAM                          cstackCOMRAM 000000
__Ldata                                  data         000000
__LdataBANK0                             dataBANK0    000000
__LdataBANK1                             dataBANK1    000000
__LdataCOMRAM                            dataCOMRAM   000000
__Leeprom_data                           eeprom_data  000000
__Lfarbss                                farbss       000000
__Lfardata                               fardata      000000
__Libigdata                              ibigdata     000000
__Lidata                                 idata        000000
__LidataBANK0                            idataBANK0   000000
__LidataBANK1                            idataBANK1   000000
__LidataCOMRAM                           idataCOMRAM  000000
__Lidloc                                 idloc        000000
__Lifardata                              ifardata     000000
__Linit                                  init         000006
__Lintcode                               intcode      000000
__Lintcode_body                          intcode_body 000000
__Lintcodelo                             intcodelo    000006
__Lintentry                              intentry     000000
__Lintret                                intret       000000
__Lintsave_regs                          intsave_regs 000000
__Lirdata                                irdata       000000
__Lmediumconst                           mediumconst  000000
__LnvFARRAM                              nvFARRAM     000000
__Lnvbit                                 nvbit        000000
__Lnvrram                                nvrram       000000
__Lparam                                 rparam       000000
__Lpowerup                               powerup      000006
__Lram                                   ram          000000
__Lramtop                                ramtop       001000
__Lrbit                                  rbit         000000
__Lrbss                                  rbss         000000
__Lrdata                                 rdata        000000
__Lreset_vec                             reset_vec    000000
__Lrparam                                rparam       000000
__Lsfr                                   sfr          000000
__Lsmallconst                            smallconst   001000
__Lspace_0                               (abs)        000000
__Lspace_1                               (abs)        000000
__Lspace_2                               (abs)        000000
__Lspace_4                               (abs)        000000
__Lstack                                 stack        000000
__Lstruct                                struct       000000
__Ltemp                                  temp         00007F
__Ltext                                  text         000000
__Ltext0                                 text0        000000
__Ltext1                                 text1        000000
__Ltext10                                text10       000000
__Ltext11                                text11       000000
__Ltext12                                text12       000000
__Ltext13                                text13       000000
__Ltext14                                text14       000000
__Ltext15                                text15       000000
__Ltext16                                text16       000000
__Ltext17                                text17       000000
__Ltext18                                text18       000000
__Ltext19                                text19       000000
__Ltext2                                 text2        000000
__Ltext20                                text20       000000
__Ltext21                                text21       000000
__Ltext22                                text22       000000
__Ltext23                                text23       000000
__Ltext24                                text24       000000
__Ltext25                                text25       000000
__Ltext26                                text26       000000
__Ltext3                                 text3        000000
__Ltext4                                 text4        000000
__Ltext5                                 text5        000000
__Ltext6                                 text6        000000
__Ltext7                                 text7        000000
__Ltext9                                 text9        000000
__S0                                     (abs)        002455
__S1                                     (abs)        000196
__S4                                     (abs)        000000
__S5                                     (abs)        000000
___aodiv                                 text25       001860
___aodiv@counter                         cstackCOMRAM 000011
___aodiv@dividend                        cstackCOMRAM 000001
___aodiv@divisor                         cstackCOMRAM 000009
___aodiv@quotient                        cstackCOMRAM 000013
___aodiv@sign                            cstackCOMRAM 000012
___aomod                                 text24       0019E8
___aomod@counter                         cstackCOMRAM 000011
___aomod@dividend                        cstackCOMRAM 000001
___aomod@divisor                         cstackCOMRAM 000009
___aomod@sign                            cstackCOMRAM 000012
___awmod                                 text26       001D12
___awmod@counter                         cstackCOMRAM 000005
___awmod@dividend                        cstackCOMRAM 000001
___awmod@divisor                         cstackCOMRAM 000003
___awmod@sign                            cstackCOMRAM 000006
___inthi_sp                              stack        000000
___intlo_sp                              stack        000000
___param_bank                            (abs)        000000
___rparam_used                           (abs)        000001
___sp                                    stack        000000
__accesstop                              (abs)        000080
__activetblptr                           (abs)        000002
__end_of_FNC                             intcode_body 0013CC
__end_of_InitLCD                         text6        002384
__end_of_LCDAddSpecialCharacter          text4        002236
__end_of_LCDCmd                          text7        00231C
__end_of_LCDDat                          text5        0022AE
__end_of_LCDGoto                         text3        002096
__end_of___aodiv                         text25       0019E8
__end_of___aomod                         text24       001B4C
__end_of___awmod                         text26       001DC2
__end_of__initialization                 cinit        002008
__end_of_abs                             text23       002276
__end_of_dtoa                            text17       0016AC
__end_of_fputc                           text21       001F96
__end_of_fputs                           text20       0021F6
__end_of_initADC                         text2        002430
__end_of_main                            text0        001C50
__end_of_pad                             text18       001D12
__end_of_printf                          text14       00240C
__end_of_putch                           text22       002454
__end_of_readADCChannel                  text1        001E66
__end_of_strlen                          text19       002352
__end_of_updatePlayerPositionOnLCD       text9        001F00
__end_of_vfpfcnvrt                       text16       001860
__end_of_vfprintf                        text15       00216C
__end_ofi2_LCDAddSpecialCharacter        text11       0022E6
__end_ofi2_LCDCmd                        text13       0023E6
__end_ofi2_LCDDat                        text12       0023B6
__end_ofi2_LCDGoto                       text10       00210A
__initialization                         cinit        001F96
__mediumconst                            mediumconst  000000
__pbssBANK0                              bssBANK0     0000DB
__pbssBANK1                              bssBANK1     000100
__pbssCOMRAM                             bssCOMRAM    00007A
__pcinit                                 cinit        001F96
__pcstackBANK0                           cstackBANK0  0000C6
__pcstackBANK1                           cstackBANK1  000188
__pcstackCOMRAM                          cstackCOMRAM 000001
__pdataBANK0                             dataBANK0    000080
__pdataBANK1                             dataBANK1    000166
__pdataCOMRAM                            dataCOMRAM   00007E
__pidataBANK0                            idataBANK0   00216C
__pidataBANK1                            idataBANK1   002430
__pidataCOMRAM                           idataCOMRAM  002454
__pintcode                               intcode      000000
__pintcode_body                          intcode_body 001036
__psmallconst                            smallconst   001000
__ptext0                                 text0        001B4C
__ptext1                                 text1        001DC2
__ptext10                                text10       002096
__ptext11                                text11       0022AE
__ptext12                                text12       002384
__ptext13                                text13       0023B6
__ptext14                                text14       0023E6
__ptext15                                text15       00210A
__ptext16                                text16       0016AC
__ptext17                                text17       0013CC
__ptext18                                text18       001C50
__ptext19                                text19       00231C
__ptext2                                 text2        00240C
__ptext20                                text20       0021B2
__ptext21                                text21       001F00
__ptext22                                text22       002452
__ptext23                                text23       002236
__ptext24                                text24       0019E8
__ptext25                                text25       001860
__ptext26                                text26       001D12
__ptext3                                 text3        002016
__ptext4                                 text4        0021F6
__ptext5                                 text5        002276
__ptext6                                 text6        002352
__ptext7                                 text7        0022E6
__ptext9                                 text9        001E66
__ramtop                                 ramtop       001000
__size_of_FNC                            (abs)        000000
__size_of_InitLCD                        (abs)        000000
__size_of_LCDAddSpecialCharacter         (abs)        000000
__size_of_LCDCmd                         (abs)        000000
__size_of_LCDDat                         (abs)        000000
__size_of_LCDGoto                        (abs)        000000
__size_of___aodiv                        (abs)        000000
__size_of___aomod                        (abs)        000000
__size_of___awmod                        (abs)        000000
__size_of_abs                            (abs)        000000
__size_of_dtoa                           (abs)        000000
__size_of_fputc                          (abs)        000000
__size_of_fputs                          (abs)        000000
__size_of_initADC                        (abs)        000000
__size_of_main                           (abs)        000000
__size_of_pad                            (abs)        000000
__size_of_printf                         (abs)        000000
__size_of_putch                          (abs)        000000
__size_of_readADCChannel                 (abs)        000000
__size_of_strlen                         (abs)        000000
__size_of_updatePlayerPositionOnLCD      (abs)        000000
__size_of_vfpfcnvrt                      (abs)        000000
__size_of_vfprintf                       (abs)        000000
__size_ofi2_LCDAddSpecialCharacter       (abs)        000000
__size_ofi2_LCDCmd                       (abs)        000000
__size_ofi2_LCDDat                       (abs)        000000
__size_ofi2_LCDGoto                      (abs)        000000
__smallconst                             smallconst   001000
_abs                                     text23       002236
_dash                                    dataBANK0    00009C
_dbuf                                    bssBANK1     000146
_digits                                  dataBANK1    000166
_display_state                           bssCOMRAM    00007C
_dtoa                                    text17       0013CC
_dtoa$1233                               cstackCOMRAM 00002E
_empty                                   bssBANK0     0000E6
_flags                                   bssCOMRAM    00007A
_fputc                                   text21       001F00
_fputs                                   text20       0021B2
_frisbee                                 dataBANK0    00009E
_frisbee_steps                           bssBANK1     000100
_frisbee_target                          dataBANK1    000170
_gameState                               dataBANK0    000080
_initADC                                 text2        00240C
_lcd_x                                   dataCOMRAM   00007E
_lcd_y                                   dataBANK0    00009D
_main                                    text0        001B4C
_millis                                                     
_nout                                    bssBANK0     0000DF
_pad                                     text18       001C50
_prec                                    bssBANK0     0000E3
_printf                                  text14       0023E6
_putch                                   text22       002452
_readADCChannel                          text1        001DC2
_selected_teamA_player                   dataBANK0    0000AE
_selected_teamA_player_with_frisbee      dataBANK1    000180
_selected_teamB_player                   dataBANK0    0000A6
_selected_teamB_player_with_frisbee      dataBANK1    000178
_strlen                                  text19       00231C
_teamA_player                            dataBANK0    0000BE
_teamB_player                            dataBANK0    0000B6
_updatePlayerPositionOnLCD               text9        001E66
_updatePlayerPositionOnLCD$674           cstackCOMRAM 000070
_vfpfcnvrt                               text16       0016AC
_vfprintf                                text15       00210A
_width                                   bssBANK0     0000E1
abs@a                                    cstackCOMRAM 000013
btemp                                    temp         00007F
dtoa@d                                   cstackCOMRAM 00001E
dtoa@fp                                  cstackCOMRAM 00001C
dtoa@i                                   cstackCOMRAM 00003E
dtoa@n                                   cstackCOMRAM 000036
dtoa@p                                   cstackCOMRAM 000030
dtoa@s                                   cstackCOMRAM 000034
dtoa@w                                   cstackCOMRAM 000032
end_of_initialization                    cinit        002008
fputc@c                                  cstackCOMRAM 000001
fputc@fp                                 cstackCOMRAM 000003
fputs@c                                  cstackCOMRAM 00000E
fputs@fp                                 cstackCOMRAM 00000C
fputs@i                                  cstackCOMRAM 00000F
fputs@s                                  cstackCOMRAM 00000A
i2LCDAddSpecialCharacter@character_index cstackCOMRAM 000005
i2LCDAddSpecialCharacter@data            cstackCOMRAM 000003
i2LCDAddSpecialCharacter@i               cstackCOMRAM 000006
i2LCDCmd@cmd                             cstackCOMRAM 000002
i2LCDDat@dat                             cstackCOMRAM 000002
i2LCDGoto@p_1                            cstackCOMRAM 000003
i2LCDGoto@p_2                            cstackCOMRAM 000004
i2_LCDAddSpecialCharacter                text11       0022AE
i2_LCDCmd                                text13       0023B6
i2_LCDDat                                text12       002384
i2_LCDGoto                               text10       002096
int$flags                                temp         00007F
int_func                                 intcode_body 001036
intlevel0                                text         000000
intlevel1                                text         000000
intlevel2                                text         000000
intlevel3                                text         000000
main@values                              cstackBANK1  00018C
pad@buf                                  cstackCOMRAM 000013
pad@fp                                   cstackCOMRAM 000011
pad@i                                    cstackCOMRAM 000018
pad@p                                    cstackCOMRAM 000015
pad@w                                    cstackCOMRAM 00001A
printf@ap                                cstackCOMRAM 000064
printf@fmt                               cstackCOMRAM 000058
readADCChannel@channel                   cstackBANK0  0000DA
stackhi                                  (abs)        000000
stacklo                                  (abs)        000000
start                                    init         000006
start_initialization                     cinit        001F96
strlen@a                                 cstackCOMRAM 000003
strlen@s                                 cstackCOMRAM 000001
ttemp5                                   temp         000080
ttemp6                                   temp         000083
ttemp7                                   temp         000087
updatePlayerPositionOnLCD@newX           cstackCOMRAM 00006A
updatePlayerPositionOnLCD@newY           cstackCOMRAM 00006C
updatePlayerPositionOnLCD@oldX           cstackCOMRAM 000066
updatePlayerPositionOnLCD@oldY           cstackCOMRAM 000068
updatePlayerPositionOnLCD@selectedPlayer cstackCOMRAM 00006E
vfpfcnvrt@ap                             cstackCOMRAM 000044
vfpfcnvrt@fmt                            cstackCOMRAM 000042
vfpfcnvrt@fp                             cstackCOMRAM 000040
vfpfcnvrt@ll                             cstackCOMRAM 000048
vfprintf@ap                              cstackCOMRAM 000054
vfprintf@cfmt                            cstackCOMRAM 000056
vfprintf@fmt                             cstackCOMRAM 000052
vfprintf@fp                              cstackCOMRAM 000050
wtemp8                                   temp         000080
