Microchip MPLAB XC8 Compiler V2.30

Linker command line:

-W-3 --edf=/opt/microchip/xc8/v2.30/pic/dat/en_msgs.txt -cn \
  -h+dist/default/production/the3.X.production.sym \
  --cmf=dist/default/production/the3.X.production.cmf -z -Q18F4620 \
  -o/tmp/xcXafPGcC --defsym=__MPLAB_BUILD=1 \
  -Mdist/default/production/the3.X.production.map -E1 -ver=XC8 Compiler \
  --acfsm=1493 -ASTACK=0ECh-0F7Fh -pstack=STACK -ACODE=00h-0FFFFh \
  -ACONST=00h-0FFFFh -ASMALLCONST=01000h-010FFhx240 \
  -AMEDIUMCONST=01000h-0FFFFh -ACOMRAM=01h-07Fh -AABS1=00h-0F7Fh \
  -ABIGRAM=01h-0F7Fh -ARAM=080h-0FFh,0100h-01FFhx14,0F00h-0F7Fh \
  -ABANK0=080h-0FFh -ABANK1=0100h-01FFh -ABANK2=0200h-02FFh \
  -ABANK3=0300h-03FFh -ABANK4=0400h-04FFh -ABANK5=0500h-05FFh \
  -ABANK6=0600h-06FFh -ABANK7=0700h-07FFh -ABANK8=0800h-08FFh \
  -ABANK9=0900h-09FFh -ABANK10=0A00h-0AFFh -ABANK11=0B00h-0BFFh \
  -ABANK12=0C00h-0CFFh -ABANK13=0D00h-0DFFh -ABANK14=0E00h-0EFFh \
  -ABANK15=0F00h-0F7Fh -ASFR=0F80h-0FFFh -ACONFIG=0300000h-030000Dh \
  -AIDLOC=0200000h-0200007h -AEEDATA=0F00000h-0F003FFh -peeprom_data=EEDATA \
  -preset_vec=00h,intcode=08h,intcodelo,powerup,init -pramtop=01000h \
  -psmallconst=SMALLCONST -pmediumconst=MEDIUMCONST -pconst=CONST \
  -AFARRAM=00h-00h \
  -prdata=COMRAM,nvrram=COMRAM,nvbit=COMRAM,rbss=COMRAM,rbit=COMRAM \
  -pfarbss=FARRAM,fardata=FARRAM,nvFARRAM=FARRAM \
  -pintsave_regs=BIGRAM,bigbss=BIGRAM,bigdata=BIGRAM -pbss=RAM \
  -pidata=CODE,irdata=CODE,ibigdata=CODE,ifardata=CODE -prparam=COMRAM \
  /tmp/xcXeAkbeH.o dist/default/production/the3.X.production.o 

Object code version is 3.11

Machine type is 18F4620



                Name                               Link     Load   Length Selector   Space Scale
/tmp/xcXeAkbeH.o
                idloc                            200000   200000        8        0       5
                config                           300000   300000        E        0       4
                init                                  E        E        4        4       0
                reset_vec                             0        0        4        0       0
dist/default/production/the3.X.production.o
                intcode                               8        8        6        4       0
                idloc                            200000   200000        8        0       5
                config                           300000   300000        E        0       4
                temp                                 74       74        1        1       1
                smallconst                         1000     1000        4      800       0
                text25                             18A0     18A0       A6      802       0
                text24                             1EBE     1EBE       32      ED3       0
                text23                             1946     1946       80      802       0
                text22                             1EF0     1EF0       30      ED3       0
                text21                             1A3E     1A3E       74      802       0
                text20                             1AB2     1AB2       70      802       0
                text19                             1E1E     1E1E       38      ED3       0
                text18                             1732     1732       B8      802       0
                text17                             17EA     17EA       B6      802       0
                text16                             1C5C     1C5C       5C      802       0
                text15                             1004     1004      3E4      802       0
                text14                             1BF8     1BF8       64      802       0
                text13                             1CB8     1CB8       56      802       0
                text12                             13E8     13E8      194      802       0
                text11                             1F82     1F82        A      ED3       0
                intcode_body                       157C     157C       EA      802       0
                text9                              1E56     1E56       36      ED3       0
                text8                              1E8C     1E8C       32      ED3       0
                text7                              1B22     1B22       6C      802       0
                text6                              1F20     1F20       24      ED3       0
                text5                              1D0E     1D0E       50      802       0
                text4                              1DE6     1DE6       38      ED3       0
                text3                              1DA6     1DA6       40      ED3       0
                text2                              19C6     19C6       78      802       0
                text1                              1666     1666       CC      802       0
                text0                              1F66     1F66       1C      ED3       0
                cstackCOMRAM                         48       48       24        1       1
                cstackBANK0                          E6       E6        6       80       1
                dataBANK0                            C4       C4       22       80       1
                bssBANK0                             80       80       44       80       1
                dataCOMRAM                            1        1       47        1       1
                bssCOMRAM                            6C       6C        8        1       1
                cinit                              1B8E     1B8E       6A      802       0
                idataBANK0                         1F44     1F44       22      ED3       0
                idataCOMRAM                        1D5E     1D5E       47      802       0

TOTAL           Name                               Link     Load   Length     Space
        CLASS   STACK          

        CLASS   CODE           
                intcode                               8        8        6         0
                init                                  E        E        4         0
                reset_vec                             0        0        4         0
                text25                             18A0     18A0       A6         0
                text24                             1EBE     1EBE       32         0
                text23                             1946     1946       80         0
                text22                             1EF0     1EF0       30         0
                text21                             1A3E     1A3E       74         0
                text20                             1AB2     1AB2       70         0
                text19                             1E1E     1E1E       38         0
                text18                             1732     1732       B8         0
                text17                             17EA     17EA       B6         0
                text16                             1C5C     1C5C       5C         0
                text15                             1004     1004      3E4         0
                text14                             1BF8     1BF8       64         0
                text13                             1CB8     1CB8       56         0
                text12                             13E8     13E8      194         0
                text11                             1F82     1F82        A         0
                intcode_body                       157C     157C       EA         0
                text9                              1E56     1E56       36         0
                text8                              1E8C     1E8C       32         0
                text7                              1B22     1B22       6C         0
                text6                              1F20     1F20       24         0
                text5                              1D0E     1D0E       50         0
                text4                              1DE6     1DE6       38         0
                text3                              1DA6     1DA6       40         0
                text2                              19C6     19C6       78         0
                text1                              1666     1666       CC         0
                text0                              1F66     1F66       1C         0
                cinit                              1B8E     1B8E       6A         0
                idataBANK0                         1F44     1F44       22         0
                idataCOMRAM                        1D5E     1D5E       47         0

        CLASS   CONST          

        CLASS   SMALLCONST     
                smallconst                         1000     1000        4         0

        CLASS   MEDIUMCONST    

        CLASS   COMRAM         
                temp                                 74       74        1         1
                cstackCOMRAM                         48       48       24         1
                dataCOMRAM                            1        1       47         1
                bssCOMRAM                            6C       6C        8         1

        CLASS   ABS1           

        CLASS   BIGRAM         

        CLASS   RAM            

        CLASS   BANK0          
                cstackBANK0                          E6       E6        6         1
                dataBANK0                            C4       C4       22         1
                bssBANK0                             80       80       44         1

        CLASS   BANK1          

        CLASS   BANK2          

        CLASS   BANK3          

        CLASS   BANK4          

        CLASS   BANK5          

        CLASS   BANK6          

        CLASS   BANK7          

        CLASS   BANK8          

        CLASS   BANK9          

        CLASS   BANK10         

        CLASS   BANK11         

        CLASS   BANK12         

        CLASS   BANK13         

        CLASS   BANK14         

        CLASS   BANK15         

        CLASS   SFR            

        CLASS   CONFIG         
                config                           300000   300000        E         4

        CLASS   IDLOC          
                idloc                            200000   200000        8         5

        CLASS   EEDATA         

        CLASS   FARRAM         



SEGMENTS        Name                           Load    Length   Top    Selector   Space  Class

                reset_vec                      000000  000004  000004         0       0  CODE    
                text15                         001004  000DA1  001DA5       802       0  CODE    
                text3                          001DA6  0001E6  001F8C       ED3       0  CODE    
                bssBANK0                       000080  00006C  0000EC        80       1  BANK0   
                intcode                        000008  00000A  000012         4       0  CODE    
                dataCOMRAM                     000001  000074  000075         1       1  COMRAM  
                smallconst                     001000  000004  001004       800       0  SMALLCON


UNUSED ADDRESS RANGES

        Name                Unused          Largest block    Delta
        BANK0            0000EC-0000FF               14
        BANK1            000100-0001FF              100
        BANK10           000A00-000AFF              100
        BANK11           000B00-000BFF              100
        BANK12           000C00-000CFF              100
        BANK13           000D00-000DFF              100
        BANK14           000E00-000EFF              100
        BANK15           000F00-000F7F               80
        BANK2            000200-0002FF              100
        BANK3            000300-0003FF              100
        BANK4            000400-0004FF              100
        BANK5            000500-0005FF              100
        BANK6            000600-0006FF              100
        BANK7            000700-0007FF              100
        BANK8            000800-0008FF              100
        BANK9            000900-0009FF              100
        BIGRAM           000075-00007F                B
                         0000EC-000F7F              E94
        CODE             000004-000007                4
                         000012-000FFF              FEE
                         001DA5-001DA5                1
                         001F8C-00FFFF             E074
        COMRAM           000075-00007F                B
        CONST            000004-000007                4
                         000012-000FFF              FEE
                         001DA5-001DA5                1
                         001F8C-00FFFF             E074
        EEDATA           F00000-F003FF              400
        MEDIUMCONST      001DA5-001DA5                1
                         001F8C-00FFFF             E074
        RAM              0000EC-000F7F              100
        SFR              000F80-000FFF               80
        SMALLCONST       001DA5-001DA5                1
                         001F8C-00FFFF              100
        STACK            0000EC-000F7F              E94

                                  Symbol Table

?___lwmod                                      cstackCOMRAM 000048
?_frisbeeHeld                                  cstackCOMRAM 000048
?_hasPlayerLeftFrisbeeLocation                 cstackCOMRAM 000048
?_isThereOtherPlayer                           cstackCOMRAM 000048
?_random_generator                             cstackCOMRAM 00004D
LCDAddSpecialCharacter@character_index         cstackBANK0  0000EA
LCDAddSpecialCharacter@data                    cstackBANK0  0000E8
LCDAddSpecialCharacter@i                       cstackBANK0  0000EB
LCDCmd@cmd                                     cstackBANK0  0000E7
LCDDat@dat                                     cstackBANK0  0000E7
LCDGoto@p_1                                    cstackBANK0  0000E8
LCDGoto@p_2                                    cstackBANK0  0000E9
LCDStr@i                                       cstackCOMRAM 00004E
LCDStr@str                                     cstackCOMRAM 00004A
_ADCON0bits                                    (abs)        000FC2
_ADCON1bits                                    (abs)        000FC1
_ADCON2bits                                    (abs)        000FC0
_ADRESH                                        (abs)        000FC4
_ADRESL                                        (abs)        000FC3
_CONVERT                                       bssCOMRAM    000073
_FNC                                           intcode      000008
_INTCON3bits                                   (abs)        000FF0
_INTCONbits                                    (abs)        000FF2
_InitLCD                                       text8        001E8C
_LATA                                          (abs)        000F89
_LATB                                          (abs)        000F8A
_LATD                                          (abs)        000F8C
_LCDAddSpecialCharacter                        text3        001DA6
_LCDCmd                                        text9        001E56
_LCDDat                                        text4        001DE6
_LCDGoto                                       text2        0019C6
_LCDStr                                        text23       001946
_PIR1bits                                      (abs)        000F9E
_PORTB                                         (abs)        000F81
_PORTD                                         (abs)        000F83
_PORTEbits                                     (abs)        000F84
_T0CON                                         (abs)        000FD5
_T1CON                                         (abs)        000FCD
_T1CONbits                                     (abs)        000FCD
_TMR0                                          (abs)        000FD6
_TMR0IF                                        (abs)        007F92
_TMR1                                          (abs)        000FCE
_TRISA                                         (abs)        000F92
_TRISAbits                                     (abs)        000F92
_TRISB                                         (abs)        000F93
_TRISBbits                                     (abs)        000F93
_TRISD                                         (abs)        000F95
_TRISEbits                                     (abs)        000F96
__HRAM                                         (abs)        000000
__Habs1                                        abs1         000000
__Hbank0                                       bank0        000000
__Hbank1                                       bank1        000000
__Hbank10                                      bank10       000000
__Hbank11                                      bank11       000000
__Hbank12                                      bank12       000000
__Hbank13                                      bank13       000000
__Hbank14                                      bank14       000000
__Hbank15                                      bank15       000000
__Hbank2                                       bank2        000000
__Hbank3                                       bank3        000000
__Hbank4                                       bank4        000000
__Hbank5                                       bank5        000000
__Hbank6                                       bank6        000000
__Hbank7                                       bank7        000000
__Hbank8                                       bank8        000000
__Hbank9                                       bank9        000000
__Hbigbss                                      bigbss       000000
__Hbigdata                                     bigdata      000000
__Hbigram                                      bigram       000000
__Hbss                                         bss          000000
__HbssBANK0                                    bssBANK0     000000
__HbssCOMRAM                                   bssCOMRAM    000000
__Hcinit                                       cinit        000000
__Hclrtext                                     clrtext      000000
__Hcomram                                      comram       000000
__Hconfig                                      config       30000E
__Hconst                                       const        000000
__HcstackBANK0                                 cstackBANK0  000000
__HcstackCOMRAM                                cstackCOMRAM 000000
__Hdata                                        data         000000
__HdataBANK0                                   dataBANK0    000000
__HdataCOMRAM                                  dataCOMRAM   000000
__Heeprom_data                                 eeprom_data  000000
__Hfarbss                                      farbss       000000
__Hfardata                                     fardata      000000
__Hibigdata                                    ibigdata     000000
__Hidata                                       idata        000000
__HidataBANK0                                  idataBANK0   000000
__HidataCOMRAM                                 idataCOMRAM  000000
__Hidloc                                       idloc        200008
__Hifardata                                    ifardata     000000
__Hinit                                        init         000012
__Hintcode                                     intcode      00000E
__Hintcode_body                                intcode_body 000000
__Hintcodelo                                   intcodelo    00000E
__Hintentry                                    intentry     000000
__Hintret                                      intret       000000
__Hintsave_regs                                intsave_regs 000000
__Hirdata                                      irdata       000000
__Hmediumconst                                 mediumconst  000000
__HnvFARRAM                                    nvFARRAM     000000
__Hnvbit                                       nvbit        000000
__Hnvrram                                      nvrram       000000
__Hparam                                       rparam       000000
__Hpowerup                                     powerup      00000E
__Hram                                         ram          000000
__Hramtop                                      ramtop       001000
__Hrbit                                        rbit         000000
__Hrbss                                        rbss         000000
__Hrdata                                       rdata        000000
__Hreset_vec                                   reset_vec    000004
__Hrparam                                      rparam       000000
__Hsfr                                         sfr          000000
__Hsmallconst                                  smallconst   001004
__Hspace_0                                     (abs)        001F8C
__Hspace_1                                     (abs)        0000EC
__Hspace_2                                     (abs)        000000
__Hspace_4                                     (abs)        60000E
__Hstack                                       stack        000000
__Hstruct                                      struct       000000
__Htemp                                        temp         000075
__Htext                                        text         000000
__Htext0                                       text0        000000
__Htext1                                       text1        000000
__Htext11                                      text11       000000
__Htext12                                      text12       000000
__Htext13                                      text13       000000
__Htext14                                      text14       000000
__Htext15                                      text15       000000
__Htext16                                      text16       000000
__Htext17                                      text17       000000
__Htext18                                      text18       000000
__Htext19                                      text19       000000
__Htext2                                       text2        000000
__Htext20                                      text20       000000
__Htext21                                      text21       000000
__Htext22                                      text22       000000
__Htext23                                      text23       000000
__Htext24                                      text24       000000
__Htext25                                      text25       000000
__Htext3                                       text3        000000
__Htext4                                       text4        000000
__Htext5                                       text5        000000
__Htext6                                       text6        000000
__Htext7                                       text7        000000
__Htext8                                       text8        000000
__Htext9                                       text9        000000
__LRAM                                         (abs)        000001
__Labs1                                        abs1         000000
__Lbank0                                       bank0        000000
__Lbank1                                       bank1        000000
__Lbank10                                      bank10       000000
__Lbank11                                      bank11       000000
__Lbank12                                      bank12       000000
__Lbank13                                      bank13       000000
__Lbank14                                      bank14       000000
__Lbank15                                      bank15       000000
__Lbank2                                       bank2        000000
__Lbank3                                       bank3        000000
__Lbank4                                       bank4        000000
__Lbank5                                       bank5        000000
__Lbank6                                       bank6        000000
__Lbank7                                       bank7        000000
__Lbank8                                       bank8        000000
__Lbank9                                       bank9        000000
__Lbigbss                                      bigbss       000000
__Lbigdata                                     bigdata      000000
__Lbigram                                      bigram       000000
__Lbss                                         bss          000000
__LbssBANK0                                    bssBANK0     000000
__LbssCOMRAM                                   bssCOMRAM    000000
__Lcinit                                       cinit        000000
__Lclrtext                                     clrtext      000000
__Lcomram                                      comram       000000
__Lconfig                                      config       000000
__Lconst                                       const        000000
__LcstackBANK0                                 cstackBANK0  000000
__LcstackCOMRAM                                cstackCOMRAM 000000
__Ldata                                        data         000000
__LdataBANK0                                   dataBANK0    000000
__LdataCOMRAM                                  dataCOMRAM   000000
__Leeprom_data                                 eeprom_data  000000
__Lfarbss                                      farbss       000000
__Lfardata                                     fardata      000000
__Libigdata                                    ibigdata     000000
__Lidata                                       idata        000000
__LidataBANK0                                  idataBANK0   000000
__LidataCOMRAM                                 idataCOMRAM  000000
__Lidloc                                       idloc        000000
__Lifardata                                    ifardata     000000
__Linit                                        init         00000E
__Lintcode                                     intcode      000008
__Lintcode_body                                intcode_body 000000
__Lintcodelo                                   intcodelo    00000E
__Lintentry                                    intentry     000000
__Lintret                                      intret       000000
__Lintsave_regs                                intsave_regs 000000
__Lirdata                                      irdata       000000
__Lmediumconst                                 mediumconst  000000
__LnvFARRAM                                    nvFARRAM     000000
__Lnvbit                                       nvbit        000000
__Lnvrram                                      nvrram       000000
__Lparam                                       rparam       000000
__Lpowerup                                     powerup      00000E
__Lram                                         ram          000000
__Lramtop                                      ramtop       001000
__Lrbit                                        rbit         000000
__Lrbss                                        rbss         000000
__Lrdata                                       rdata        000000
__Lreset_vec                                   reset_vec    000000
__Lrparam                                      rparam       000000
__Lsfr                                         sfr          000000
__Lsmallconst                                  smallconst   001000
__Lspace_0                                     (abs)        000000
__Lspace_1                                     (abs)        000000
__Lspace_2                                     (abs)        000000
__Lspace_4                                     (abs)        000000
__Lstack                                       stack        000000
__Lstruct                                      struct       000000
__Ltemp                                        temp         000074
__Ltext                                        text         000000
__Ltext0                                       text0        000000
__Ltext1                                       text1        000000
__Ltext11                                      text11       000000
__Ltext12                                      text12       000000
__Ltext13                                      text13       000000
__Ltext14                                      text14       000000
__Ltext15                                      text15       000000
__Ltext16                                      text16       000000
__Ltext17                                      text17       000000
__Ltext18                                      text18       000000
__Ltext19                                      text19       000000
__Ltext2                                       text2        000000
__Ltext20                                      text20       000000
__Ltext21                                      text21       000000
__Ltext22                                      text22       000000
__Ltext23                                      text23       000000
__Ltext24                                      text24       000000
__Ltext25                                      text25       000000
__Ltext3                                       text3        000000
__Ltext4                                       text4        000000
__Ltext5                                       text5        000000
__Ltext6                                       text6        000000
__Ltext7                                       text7        000000
__Ltext8                                       text8        000000
__Ltext9                                       text9        000000
__S0                                           (abs)        001F8C
__S1                                           (abs)        0000EC
__S2                                           (abs)        000000
__S4                                           (abs)        000000
__S5                                           (abs)        000000
___inthi_sp                                    stack        000000
___intlo_sp                                    stack        000000
___lwmod                                       text14       001BF8
___lwmod@counter                               cstackCOMRAM 00004C
___lwmod@dividend                              cstackCOMRAM 000048
___lwmod@divisor                               cstackCOMRAM 00004A
___param_bank                                  (abs)        000000
___rparam_used                                 (abs)        000001
___sp                                          stack        000000
__accesstop                                    (abs)        000080
__activetblptr                                 (abs)        000001
__end_of_FNC                                   intcode_body 001666
__end_of_InitLCD                               text8        001EBE
__end_of_LCDAddSpecialCharacter                text3        001DE6
__end_of_LCDCmd                                text9        001E8C
__end_of_LCDDat                                text4        001E1E
__end_of_LCDGoto                               text2        001A3E
__end_of_LCDStr                                text23       0019C6
__end_of___lwmod                               text14       001C5C
__end_of__initialization                       cinit        001BE6
__end_of_display_7seg                          text7        001B8E
__end_of_frisbeeHeld                           text25       001946
__end_of_frisbeeHeldOnLCD                      text20       001B22
__end_of_frisbeeReleasedOnLCD                  text19       001E56
__end_of_gamepadPressed                        text15       0013E8
__end_of_hasPlayerLeftFrisbeeLocation          text18       0017EA
__end_of_initADC                               text6        001F44
__end_of_initRegisters                         text5        001D5E
__end_of_isThereOtherPlayer                    text17       0018A0
__end_of_main                                  text0        001F82
__end_of_moveSelectedPlayerPositionOnLCD       text16       001CB8
__end_of_random_generator                      text13       001D0E
__end_of_setInitialState                       text1        001732
__end_of_switchSelectedPlayer                  text12       00157C
__end_of_throwFrisbee                          text11       001F8C
__end_ofi2_LCDCmd                              text22       001F20
__end_ofi2_LCDDat                              text24       001EF0
__end_ofi2_LCDGoto                             text21       001AB2
__initialization                               cinit        001B8E
__mediumconst                                  mediumconst  000000
__pbssBANK0                                    bssBANK0     000080
__pbssCOMRAM                                   bssCOMRAM    00006C
__pcinit                                       cinit        001B8E
__pcstackBANK0                                 cstackBANK0  0000E6
__pcstackCOMRAM                                cstackCOMRAM 000048
__pdataBANK0                                   dataBANK0    0000C4
__pdataCOMRAM                                  dataCOMRAM   000001
__pidataBANK0                                  idataBANK0   001F44
__pidataCOMRAM                                 idataCOMRAM  001D5E
__pintcode                                     intcode      000008
__pintcode_body                                intcode_body 00157C
__psmallconst                                  smallconst   001000
__ptext0                                       text0        001F66
__ptext1                                       text1        001666
__ptext11                                      text11       001F82
__ptext12                                      text12       0013E8
__ptext13                                      text13       001CB8
__ptext14                                      text14       001BF8
__ptext15                                      text15       001004
__ptext16                                      text16       001C5C
__ptext17                                      text17       0017EA
__ptext18                                      text18       001732
__ptext19                                      text19       001E1E
__ptext2                                       text2        0019C6
__ptext20                                      text20       001AB2
__ptext21                                      text21       001A3E
__ptext22                                      text22       001EF0
__ptext23                                      text23       001946
__ptext24                                      text24       001EBE
__ptext25                                      text25       0018A0
__ptext3                                       text3        001DA6
__ptext4                                       text4        001DE6
__ptext5                                       text5        001D0E
__ptext6                                       text6        001F20
__ptext7                                       text7        001B22
__ptext8                                       text8        001E8C
__ptext9                                       text9        001E56
__ramtop                                       ramtop       001000
__size_of_FNC                                  (abs)        000000
__size_of_InitLCD                              (abs)        000000
__size_of_LCDAddSpecialCharacter               (abs)        000000
__size_of_LCDCmd                               (abs)        000000
__size_of_LCDDat                               (abs)        000000
__size_of_LCDGoto                              (abs)        000000
__size_of_LCDStr                               (abs)        000000
__size_of___lwmod                              (abs)        000000
__size_of_display_7seg                         (abs)        000000
__size_of_frisbeeHeld                          (abs)        000000
__size_of_frisbeeHeldOnLCD                     (abs)        000000
__size_of_frisbeeReleasedOnLCD                 (abs)        000000
__size_of_gamepadPressed                       (abs)        000000
__size_of_hasPlayerLeftFrisbeeLocation         (abs)        000000
__size_of_initADC                              (abs)        000000
__size_of_initRegisters                        (abs)        000000
__size_of_isThereOtherPlayer                   (abs)        000000
__size_of_main                                 (abs)        000000
__size_of_moveSelectedPlayerPositionOnLCD      (abs)        000000
__size_of_random_generator                     (abs)        000000
__size_of_setInitialState                      (abs)        000000
__size_of_switchSelectedPlayer                 (abs)        000000
__size_of_throwFrisbee                         (abs)        000000
__size_ofi2_LCDCmd                             (abs)        000000
__size_ofi2_LCDDat                             (abs)        000000
__size_ofi2_LCDGoto                            (abs)        000000
__smallconst                                   smallconst   001000
_dash                                          dataCOMRAM   00001D
_debounce_flag                                 bssCOMRAM    000070
_digits                                        dataBANK0    0000C4
_display_7seg                                  text7        001B22
_display_state                                 bssCOMRAM    00006C
_empty                                         bssBANK0     0000BC
_frisbee                                       dataBANK0    0000D6
_frisbeeHeld                                   text25       0018A0
_frisbeeHeldOnLCD                              text20       001AB2
_frisbeeHeldOnLCD$717                          cstackCOMRAM 000051
_frisbeeReleasedOnLCD                          text19       001E1E
_frisbee_held                                  bssCOMRAM    00006E
_frisbee_steps                                 bssBANK0     000080
_frisbee_target                                dataBANK0    0000CE
_gameState                                     dataCOMRAM   000001
_gamepadPressed                                text15       001004
_gamepad_button_pressed                        bssCOMRAM    000072
_hasPlayerLeftFrisbeeLocation                  text18       001732
_initADC                                       text6        001F20
_initRegisters                                 text5        001D0E
_isThereOtherPlayer                            text17       0017EA
_lcd_x                                         dataCOMRAM   00001F
_lcd_y                                         dataCOMRAM   00001E
_main                                          text0        001F66
_moveSelectedPlayerPositionOnLCD               text16       001C5C
_moveSelectedPlayerPositionOnLCD$700           cstackCOMRAM 000059
_previous_portb                                bssCOMRAM    000071
_random_generator                              text13       001CB8
_selected_teamA_player                         dataCOMRAM   000030
_selected_teamA_player_with_frisbee            dataCOMRAM   000020
_selected_teamB_player                         dataCOMRAM   000028
_selected_teamB_player_with_frisbee            dataBANK0    0000DE
_setInitialState                               text1        001666
_switchSelectedPlayer                          text12       0013E8
_switchSelectedPlayer$780                      cstackCOMRAM 000051
_switchSelectedPlayer$782                      cstackCOMRAM 000053
_teamA_player                                  dataCOMRAM   000040
_teamB_player                                  dataCOMRAM   000038
_throwFrisbee                                  text11       001F82
btemp                                          temp         000074
end_of_initialization                          cinit        001BE6
frisbeeHeld@selected_player                    cstackCOMRAM 00004E
frisbeeHeldOnLCD@frisbeeX                      cstackCOMRAM 000053
frisbeeHeldOnLCD@frisbeeY                      cstackCOMRAM 000055
frisbeeHeldOnLCD@selected_player               cstackCOMRAM 00004F
frisbeeReleasedOnLCD@frisbeeX                  cstackCOMRAM 000051
frisbeeReleasedOnLCD@frisbeeY                  cstackCOMRAM 000053
gamepadPressed@current_portb                   cstackCOMRAM 000063
gamepadPressed@oldX                            cstackCOMRAM 00005F
gamepadPressed@oldY                            cstackCOMRAM 000061
hasPlayerLeftFrisbeeLocation@selected_player   cstackCOMRAM 00004E
i2LCDCmd@cmd                                   cstackCOMRAM 000049
i2LCDDat@dat                                   cstackCOMRAM 000049
i2LCDGoto@p_1                                  cstackCOMRAM 00004A
i2LCDGoto@p_2                                  cstackCOMRAM 00004B
i2_LCDCmd                                      text22       001EF0
i2_LCDDat                                      text24       001EBE
i2_LCDGoto                                     text21       001A3E
int$flags                                      temp         000074
int_func                                       intcode_body 00157C
intlevel0                                      text         000000
intlevel1                                      text         000000
intlevel2                                      text         000000
intlevel3                                      text         000000
isThereOtherPlayer@i                           cstackCOMRAM 000050
isThereOtherPlayer@oldX                        cstackCOMRAM 000048
isThereOtherPlayer@oldY                        cstackCOMRAM 00004A
moveSelectedPlayerPositionOnLCD@newX           cstackCOMRAM 000053
moveSelectedPlayerPositionOnLCD@newY           cstackCOMRAM 000055
moveSelectedPlayerPositionOnLCD@oldX           cstackCOMRAM 00004F
moveSelectedPlayerPositionOnLCD@oldY           cstackCOMRAM 000051
moveSelectedPlayerPositionOnLCD@selectedPlayer cstackCOMRAM 000057
random_generator@modulo                        cstackCOMRAM 00004D
random_generator@pseudo_random                 cstackCOMRAM 000053
random_generator@rotated_value                 cstackCOMRAM 000055
random_generator@timer_value                   cstackCOMRAM 000057
stackhi                                        (abs)        000F7F
stacklo                                        (abs)        0000EC
start                                          init         00000E
start_initialization                           cinit        001B8E
switchSelectedPlayer@newX                      cstackCOMRAM 000059
switchSelectedPlayer@newY                      cstackCOMRAM 00005B
switchSelectedPlayer@oldX                      cstackCOMRAM 000055
switchSelectedPlayer@oldY                      cstackCOMRAM 000057
switchSelectedPlayer@selected_player           cstackCOMRAM 00005D
ttemp5                                         temp         000075
ttemp6                                         temp         000078
ttemp7                                         temp         00007C
wtemp8                                         temp         000075


FUNCTION INFORMATION:

 *************** function _main *****************
 Defined at:
		line 394 in file "newmain.c"
 Parameters:    Size  Location     Type
		None
 Auto vars:     Size  Location     Type
		None
 Return value:  Size  Location     Type
                  1    wreg      void 
 Registers used:
		wreg, fsr2l, fsr2h, status,2, status,0, prodl, prodh, cstack
 Tracked objects:
		On entry : 
		On exit  : 
		Unchanged: 
 Data sizes:     COMRAM   BANK0   BANK1   BANK2   BANK3   BANK4   BANK5   BANK6   BANK7   BANK8   BANK9  BANK10  BANK11  BANK12  BANK13  BANK14  BANK15
      Params:         0       0       0       0       0       0       0       0       0       0       0       0       0       0       0       0       0
      Locals:         0       0       0       0       0       0       0       0       0       0       0       0       0       0       0       0       0
      Temps:          0       0       0       0       0       0       0       0       0       0       0       0       0       0       0       0       0
      Totals:         0       0       0       0       0       0       0       0       0       0       0       0       0       0       0       0       0
Total ram usage:        0 bytes
 Hardware stack levels required when called:    8
 This function calls:
		_InitLCD
		_display_7seg
		_initADC
		_initRegisters
		_setInitialState
 This function is called by:
		Startup code after reset
 This function uses a non-reentrant model


 *************** function _setInitialState *****************
 Defined at:
		line 92 in file "newmain.c"
 Parameters:    Size  Location     Type
		None
 Auto vars:     Size  Location     Type
		None
 Return value:  Size  Location     Type
                  1    wreg      void 
 Registers used:
		wreg, fsr2l, fsr2h, status,2, status,0, prodl, prodh, cstack
 Tracked objects:
		On entry : 
		On exit  : 
		Unchanged: 
 Data sizes:     COMRAM   BANK0   BANK1   BANK2   BANK3   BANK4   BANK5   BANK6   BANK7   BANK8   BANK9  BANK10  BANK11  BANK12  BANK13  BANK14  BANK15
      Params:         0       0       0       0       0       0       0       0       0       0       0       0       0       0       0       0       0
      Locals:         0       0       0       0       0       0       0       0       0       0       0       0       0       0       0       0       0
      Temps:          0       0       0       0       0       0       0       0       0       0       0       0       0       0       0       0       0
      Totals:         0       0       0       0       0       0       0       0       0       0       0       0       0       0       0       0       0
Total ram usage:        0 bytes
 Hardware stack levels used:    1
 Hardware stack levels required when called:    7
 This function calls:
		_LCDAddSpecialCharacter
		_LCDDat
		_LCDGoto
 This function is called by:
		_main
 This function uses a non-reentrant model


 *************** function _LCDGoto *****************
 Defined at:
		line 72 in file "./LCD.h"
 Parameters:    Size  Location     Type
  p_2             1    wreg     unsigned char 
  p_1             1    2[BANK0 ] unsigned char 
 Auto vars:     Size  Location     Type
  p_2             1    3[BANK0 ] unsigned char 
 Return value:  Size  Location     Type
                  1    wreg      void 
 Registers used:
		wreg, status,2, status,0, cstack
 Tracked objects:
		On entry : 
		On exit  : 
		Unchanged: 
 Data sizes:     COMRAM   BANK0   BANK1   BANK2   BANK3   BANK4   BANK5   BANK6   BANK7   BANK8   BANK9  BANK10  BANK11  BANK12  BANK13  BANK14  BANK15
      Params:         0       1       0       0       0       0       0       0       0       0       0       0       0       0       0       0       0
      Locals:         0       1       0       0       0       0       0       0       0       0       0       0       0       0       0       0       0
      Temps:          0       0       0       0       0       0       0       0       0       0       0       0       0       0       0       0       0
      Totals:         0       2       0       0       0       0       0       0       0       0       0       0       0       0       0       0       0
Total ram usage:        2 bytes
 Hardware stack levels used:    1
 Hardware stack levels required when called:    6
 This function calls:
		_LCDCmd
 This function is called by:
		_setInitialState
 This function uses a non-reentrant model


 *************** function _LCDAddSpecialCharacter *****************
 Defined at:
		line 129 in file "./LCD.h"
 Parameters:    Size  Location     Type
  character_in    1    wreg     unsigned char 
  data            2    2[BANK0 ] PTR unsigned char 
		 -> selected_teamB_player_with_frisbee(8), selected_teamA_player_with_frisbee(8), frisbee(8), teamB_player(8), 
		 -> selected_teamB_player(8), teamA_player(8), selected_teamA_player(8), 
 Auto vars:     Size  Location     Type
  character_in    1    4[BANK0 ] unsigned char 
  i               1    5[BANK0 ] unsigned char 
 Return value:  Size  Location     Type
                  1    wreg      void 
 Registers used:
		wreg, fsr2l, fsr2h, status,2, status,0, prodl, prodh, cstack
 Tracked objects:
		On entry : 
		On exit  : 
		Unchanged: 
 Data sizes:     COMRAM   BANK0   BANK1   BANK2   BANK3   BANK4   BANK5   BANK6   BANK7   BANK8   BANK9  BANK10  BANK11  BANK12  BANK13  BANK14  BANK15
      Params:         0       2       0       0       0       0       0       0       0       0       0       0       0       0       0       0       0
      Locals:         0       2       0       0       0       0       0       0       0       0       0       0       0       0       0       0       0
      Temps:          0       0       0       0       0       0       0       0       0       0       0       0       0       0       0       0       0
      Totals:         0       4       0       0       0       0       0       0       0       0       0       0       0       0       0       0       0
Total ram usage:        4 bytes
 Hardware stack levels used:    1
 Hardware stack levels required when called:    6
 This function calls:
		_LCDCmd
		_LCDDat
 This function is called by:
		_setInitialState
 This function uses a non-reentrant model


 *************** function _LCDDat *****************
 Defined at:
		line 58 in file "./LCD.h"
 Parameters:    Size  Location     Type
  dat             1    wreg     unsigned char 
 Auto vars:     Size  Location     Type
  dat             1    1[BANK0 ] unsigned char 
 Return value:  Size  Location     Type
                  1    wreg      void 
 Registers used:
		wreg
 Tracked objects:
		On entry : 
		On exit  : 
		Unchanged: 
 Data sizes:     COMRAM   BANK0   BANK1   BANK2   BANK3   BANK4   BANK5   BANK6   BANK7   BANK8   BANK9  BANK10  BANK11  BANK12  BANK13  BANK14  BANK15
      Params:         0       0       0       0       0       0       0       0       0       0       0       0       0       0       0       0       0
      Locals:         0       1       0       0       0       0       0       0       0       0       0       0       0       0       0       0       0
      Temps:          0       1       0       0       0       0       0       0       0       0       0       0       0       0       0       0       0
      Totals:         0       2       0       0       0       0       0       0       0       0       0       0       0       0       0       0       0
Total ram usage:        2 bytes
 Hardware stack levels used:    1
 Hardware stack levels required when called:    5
 This function calls:
		Nothing
 This function is called by:
		_LCDAddSpecialCharacter
		_setInitialState
 This function uses a non-reentrant model


 *************** function _initRegisters *****************
 Defined at:
		line 267 in file "newmain.c"
 Parameters:    Size  Location     Type
		None
 Auto vars:     Size  Location     Type
		None
 Return value:  Size  Location     Type
                  1    wreg      void 
 Registers used:
		wreg, status,2
 Tracked objects:
		On entry : 
		On exit  : 
		Unchanged: 
 Data sizes:     COMRAM   BANK0   BANK1   BANK2   BANK3   BANK4   BANK5   BANK6   BANK7   BANK8   BANK9  BANK10  BANK11  BANK12  BANK13  BANK14  BANK15
      Params:         0       0       0       0       0       0       0       0       0       0       0       0       0       0       0       0       0
      Locals:         0       0       0       0       0       0       0       0       0       0       0       0       0       0       0       0       0
      Temps:          0       0       0       0       0       0       0       0       0       0       0       0       0       0       0       0       0
      Totals:         0       0       0       0       0       0       0       0       0       0       0       0       0       0       0       0       0
Total ram usage:        0 bytes
 Hardware stack levels used:    1
 Hardware stack levels required when called:    5
 This function calls:
		Nothing
 This function is called by:
		_main
 This function uses a non-reentrant model


 *************** function _initADC *****************
 Defined at:
		line 35 in file "./ADC.h"
 Parameters:    Size  Location     Type
		None
 Auto vars:     Size  Location     Type
		None
 Return value:  Size  Location     Type
                  1    wreg      void 
 Registers used:
		None
 Tracked objects:
		On entry : 
		On exit  : 
		Unchanged: 
 Data sizes:     COMRAM   BANK0   BANK1   BANK2   BANK3   BANK4   BANK5   BANK6   BANK7   BANK8   BANK9  BANK10  BANK11  BANK12  BANK13  BANK14  BANK15
      Params:         0       0       0       0       0       0       0       0       0       0       0       0       0       0       0       0       0
      Locals:         0       0       0       0       0       0       0       0       0       0       0       0       0       0       0       0       0
      Temps:          0       0       0       0       0       0       0       0       0       0       0       0       0       0       0       0       0
      Totals:         0       0       0       0       0       0       0       0       0       0       0       0       0       0       0       0       0
Total ram usage:        0 bytes
 Hardware stack levels used:    1
 Hardware stack levels required when called:    5
 This function calls:
		Nothing
 This function is called by:
		_main
 This function uses a non-reentrant model


 *************** function _display_7seg *****************
 Defined at:
		line 121 in file "newmain.c"
 Parameters:    Size  Location     Type
		None
 Auto vars:     Size  Location     Type
		None
 Return value:  Size  Location     Type
                  1    wreg      void 
 Registers used:
		wreg, fsr2l, fsr2h, status,2, status,0
 Tracked objects:
		On entry : 
		On exit  : 
		Unchanged: 
 Data sizes:     COMRAM   BANK0   BANK1   BANK2   BANK3   BANK4   BANK5   BANK6   BANK7   BANK8   BANK9  BANK10  BANK11  BANK12  BANK13  BANK14  BANK15
      Params:         0       0       0       0       0       0       0       0       0       0       0       0       0       0       0       0       0
      Locals:         0       0       0       0       0       0       0       0       0       0       0       0       0       0       0       0       0
      Temps:          0       1       0       0       0       0       0       0       0       0       0       0       0       0       0       0       0
      Totals:         0       1       0       0       0       0       0       0       0       0       0       0       0       0       0       0       0
Total ram usage:        1 bytes
 Hardware stack levels used:    1
 Hardware stack levels required when called:    5
 This function calls:
		Nothing
 This function is called by:
		_main
 This function uses a non-reentrant model


 *************** function _InitLCD *****************
 Defined at:
		line 108 in file "./LCD.h"
 Parameters:    Size  Location     Type
		None
 Auto vars:     Size  Location     Type
		None
 Return value:  Size  Location     Type
                  1    wreg      void 
 Registers used:
		wreg, status,2, cstack
 Tracked objects:
		On entry : 
		On exit  : 
		Unchanged: 
 Data sizes:     COMRAM   BANK0   BANK1   BANK2   BANK3   BANK4   BANK5   BANK6   BANK7   BANK8   BANK9  BANK10  BANK11  BANK12  BANK13  BANK14  BANK15
      Params:         0       0       0       0       0       0       0       0       0       0       0       0       0       0       0       0       0
      Locals:         0       0       0       0       0       0       0       0       0       0       0       0       0       0       0       0       0
      Temps:          0       0       0       0       0       0       0       0       0       0       0       0       0       0       0       0       0
      Totals:         0       0       0       0       0       0       0       0       0       0       0       0       0       0       0       0       0
Total ram usage:        0 bytes
 Hardware stack levels used:    1
 Hardware stack levels required when called:    6
 This function calls:
		_LCDCmd
 This function is called by:
		_main
 This function uses a non-reentrant model


 *************** function _LCDCmd *****************
 Defined at:
		line 48 in file "./LCD.h"
 Parameters:    Size  Location     Type
  cmd             1    wreg     unsigned char 
 Auto vars:     Size  Location     Type
  cmd             1    1[BANK0 ] unsigned char 
 Return value:  Size  Location     Type
                  1    wreg      void 
 Registers used:
		wreg
 Tracked objects:
		On entry : 
		On exit  : 
		Unchanged: 
 Data sizes:     COMRAM   BANK0   BANK1   BANK2   BANK3   BANK4   BANK5   BANK6   BANK7   BANK8   BANK9  BANK10  BANK11  BANK12  BANK13  BANK14  BANK15
      Params:         0       0       0       0       0       0       0       0       0       0       0       0       0       0       0       0       0
      Locals:         0       1       0       0       0       0       0       0       0       0       0       0       0       0       0       0       0
      Temps:          0       1       0       0       0       0       0       0       0       0       0       0       0       0       0       0       0
      Totals:         0       2       0       0       0       0       0       0       0       0       0       0       0       0       0       0       0
Total ram usage:        2 bytes
 Hardware stack levels used:    1
 Hardware stack levels required when called:    5
 This function calls:
		Nothing
 This function is called by:
		_LCDGoto
		_InitLCD
		_LCDAddSpecialCharacter
 This function uses a non-reentrant model


 *************** function _FNC *****************
 Defined at:
		line 354 in file "newmain.c"
 Parameters:    Size  Location     Type
		None
 Auto vars:     Size  Location     Type
		None
 Return value:  Size  Location     Type
                  1    wreg      void 
 Registers used:
		wreg, fsr2l, fsr2h, status,2, status,0, tblptrl, tblptrh, tblptru, cstack
 Tracked objects:
		On entry : 
		On exit  : 
		Unchanged: 
 Data sizes:     COMRAM   BANK0   BANK1   BANK2   BANK3   BANK4   BANK5   BANK6   BANK7   BANK8   BANK9  BANK10  BANK11  BANK12  BANK13  BANK14  BANK15
      Params:         0       0       0       0       0       0       0       0       0       0       0       0       0       0       0       0       0
      Locals:         0       0       0       0       0       0       0       0       0       0       0       0       0       0       0       0       0
      Temps:          8       0       0       0       0       0       0       0       0       0       0       0       0       0       0       0       0
      Totals:         8       0       0       0       0       0       0       0       0       0       0       0       0       0       0       0       0
Total ram usage:        8 bytes
 Hardware stack levels used:    1
 Hardware stack levels required when called:    4
 This function calls:
		_gamepadPressed
		_random_generator
		_switchSelectedPlayer
		_throwFrisbee
 This function is called by:
		Interrupt level 2
 This function uses a non-reentrant model


 *************** function _throwFrisbee *****************
 Defined at:
		line 347 in file "newmain.c"
 Parameters:    Size  Location     Type
		None
 Auto vars:     Size  Location     Type
		None
 Return value:  Size  Location     Type
                  1    wreg      void 
 Registers used:
		wreg, status,2
 Tracked objects:
		On entry : 
		On exit  : 
		Unchanged: 
 Data sizes:     COMRAM   BANK0   BANK1   BANK2   BANK3   BANK4   BANK5   BANK6   BANK7   BANK8   BANK9  BANK10  BANK11  BANK12  BANK13  BANK14  BANK15
      Params:         0       0       0       0       0       0       0       0       0       0       0       0       0       0       0       0       0
      Locals:         0       0       0       0       0       0       0       0       0       0       0       0       0       0       0       0       0
      Temps:          0       0       0       0       0       0       0       0       0       0       0       0       0       0       0       0       0
      Totals:         0       0       0       0       0       0       0       0       0       0       0       0       0       0       0       0       0
Total ram usage:        0 bytes
 Hardware stack levels used:    1
 This function calls:
		Nothing
 This function is called by:
		_FNC
 This function uses a non-reentrant model


 *************** function _switchSelectedPlayer *****************
 Defined at:
		line 310 in file "newmain.c"
 Parameters:    Size  Location     Type
		None
 Auto vars:     Size  Location     Type
  selected_pla    2   21[COMRAM] int 
  newY            2   19[COMRAM] int 
  newX            2   17[COMRAM] int 
  oldY            2   15[COMRAM] int 
  oldX            2   13[COMRAM] int 
 Return value:  Size  Location     Type
                  1    wreg      void 
 Registers used:
		wreg, fsr2l, fsr2h, status,2, status,0, tblptrl, tblptrh, tblptru, cstack
 Tracked objects:
		On entry : 
		On exit  : 
		Unchanged: 
 Data sizes:     COMRAM   BANK0   BANK1   BANK2   BANK3   BANK4   BANK5   BANK6   BANK7   BANK8   BANK9  BANK10  BANK11  BANK12  BANK13  BANK14  BANK15
      Params:         0       0       0       0       0       0       0       0       0       0       0       0       0       0       0       0       0
      Locals:        14       0       0       0       0       0       0       0       0       0       0       0       0       0       0       0       0
      Temps:          2       0       0       0       0       0       0       0       0       0       0       0       0       0       0       0       0
      Totals:        16       0       0       0       0       0       0       0       0       0       0       0       0       0       0       0       0
Total ram usage:       16 bytes
 Hardware stack levels used:    1
 Hardware stack levels required when called:    2
 This function calls:
		_LCDStr
		i2_LCDDat
		i2_LCDGoto
 This function is called by:
		_FNC
 This function uses a non-reentrant model


 *************** function _random_generator *****************
 Defined at:
		line 204 in file "./the3.h"
 Parameters:    Size  Location     Type
  modulo          2    5[COMRAM] unsigned short 
 Auto vars:     Size  Location     Type
  timer_value     2   15[COMRAM] int 
  rotated_valu    2   13[COMRAM] int 
  pseudo_rando    2   11[COMRAM] int 
  rotation        2    0        unsigned short 
 Return value:  Size  Location     Type
                  2    5[COMRAM] unsigned short 
 Registers used:
		wreg, status,2, status,0, cstack
 Tracked objects:
		On entry : 
		On exit  : 
		Unchanged: 
 Data sizes:     COMRAM   BANK0   BANK1   BANK2   BANK3   BANK4   BANK5   BANK6   BANK7   BANK8   BANK9  BANK10  BANK11  BANK12  BANK13  BANK14  BANK15
      Params:         2       0       0       0       0       0       0       0       0       0       0       0       0       0       0       0       0
      Locals:         8       0       0       0       0       0       0       0       0       0       0       0       0       0       0       0       0
      Temps:          2       0       0       0       0       0       0       0       0       0       0       0       0       0       0       0       0
      Totals:        12       0       0       0       0       0       0       0       0       0       0       0       0       0       0       0       0
Total ram usage:       12 bytes
 Hardware stack levels used:    1
 Hardware stack levels required when called:    1
 This function calls:
		___lwmod
 This function is called by:
		_FNC
		_compute_frisbee_target_and_route
 This function uses a non-reentrant model


 *************** function ___lwmod *****************
 Defined at:
		line 7 in file "/opt/microchip/xc8/v2.30/pic/sources/c99/common/lwmod.c"
 Parameters:    Size  Location     Type
  dividend        2    0[COMRAM] unsigned int 
  divisor         2    2[COMRAM] unsigned int 
 Auto vars:     Size  Location     Type
  counter         1    4[COMRAM] unsigned char 
 Return value:  Size  Location     Type
                  2    0[COMRAM] unsigned int 
 Registers used:
		wreg, status,2, status,0
 Tracked objects:
		On entry : 
		On exit  : 
		Unchanged: 
 Data sizes:     COMRAM   BANK0   BANK1   BANK2   BANK3   BANK4   BANK5   BANK6   BANK7   BANK8   BANK9  BANK10  BANK11  BANK12  BANK13  BANK14  BANK15
      Params:         4       0       0       0       0       0       0       0       0       0       0       0       0       0       0       0       0
      Locals:         1       0       0       0       0       0       0       0       0       0       0       0       0       0       0       0       0
      Temps:          0       0       0       0       0       0       0       0       0       0       0       0       0       0       0       0       0
      Totals:         5       0       0       0       0       0       0       0       0       0       0       0       0       0       0       0       0
Total ram usage:        5 bytes
 Hardware stack levels used:    1
 This function calls:
		Nothing
 This function is called by:
		_random_generator
 This function uses a non-reentrant model


 *************** function _gamepadPressed *****************
 Defined at:
		line 201 in file "newmain.c"
 Parameters:    Size  Location     Type
		None
 Auto vars:     Size  Location     Type
  oldY            2   25[COMRAM] int 
  oldX            2   23[COMRAM] int 
  current_port    1   27[COMRAM] unsigned char 
 Return value:  Size  Location     Type
                  1    wreg      void 
 Registers used:
		wreg, fsr2l, fsr2h, status,2, status,0, tblptrl, tblptrh, tblptru, cstack
 Tracked objects:
		On entry : 
		On exit  : 
		Unchanged: 
 Data sizes:     COMRAM   BANK0   BANK1   BANK2   BANK3   BANK4   BANK5   BANK6   BANK7   BANK8   BANK9  BANK10  BANK11  BANK12  BANK13  BANK14  BANK15
      Params:         0       0       0       0       0       0       0       0       0       0       0       0       0       0       0       0       0
      Locals:         5       0       0       0       0       0       0       0       0       0       0       0       0       0       0       0       0
      Temps:          4       0       0       0       0       0       0       0       0       0       0       0       0       0       0       0       0
      Totals:         9       0       0       0       0       0       0       0       0       0       0       0       0       0       0       0       0
Total ram usage:        9 bytes
 Hardware stack levels used:    1
 Hardware stack levels required when called:    3
 This function calls:
		_frisbeeHeld
		_frisbeeHeldOnLCD
		_frisbeeReleasedOnLCD
		_hasPlayerLeftFrisbeeLocation
		_isThereOtherPlayer
		_moveSelectedPlayerPositionOnLCD
 This function is called by:
		_FNC
 This function uses a non-reentrant model


 *************** function _moveSelectedPlayerPositionOnLCD *****************
 Defined at:
		line 80 in file "newmain.c"
 Parameters:    Size  Location     Type
  oldX            2    7[COMRAM] int 
  oldY            2    9[COMRAM] int 
  newX            2   11[COMRAM] int 
  newY            2   13[COMRAM] int 
  selectedPlay    2   15[COMRAM] int 
 Auto vars:     Size  Location     Type
		None
 Return value:  Size  Location     Type
                  1    wreg      void 
 Registers used:
		wreg, status,2, status,0, tblptrl, tblptrh, tblptru, cstack
 Tracked objects:
		On entry : 
		On exit  : 
		Unchanged: 
 Data sizes:     COMRAM   BANK0   BANK1   BANK2   BANK3   BANK4   BANK5   BANK6   BANK7   BANK8   BANK9  BANK10  BANK11  BANK12  BANK13  BANK14  BANK15
      Params:        10       0       0       0       0       0       0       0       0       0       0       0       0       0       0       0       0
      Locals:         2       0       0       0       0       0       0       0       0       0       0       0       0       0       0       0       0
      Temps:          0       0       0       0       0       0       0       0       0       0       0       0       0       0       0       0       0
      Totals:        12       0       0       0       0       0       0       0       0       0       0       0       0       0       0       0       0
Total ram usage:       12 bytes
 Hardware stack levels used:    1
 Hardware stack levels required when called:    2
 This function calls:
		_LCDStr
		i2_LCDDat
		i2_LCDGoto
 This function is called by:
		_gamepadPressed
 This function uses a non-reentrant model


 *************** function _isThereOtherPlayer *****************
 Defined at:
		line 135 in file "newmain.c"
 Parameters:    Size  Location     Type
  oldX            2    0[COMRAM] int 
  oldY            2    2[COMRAM] int 
 Auto vars:     Size  Location     Type
  i               2    8[COMRAM] int 
 Return value:  Size  Location     Type
                  2    0[COMRAM] int 
 Registers used:
		wreg, fsr2l, fsr2h, status,2, status,0
 Tracked objects:
		On entry : 
		On exit  : 
		Unchanged: 
 Data sizes:     COMRAM   BANK0   BANK1   BANK2   BANK3   BANK4   BANK5   BANK6   BANK7   BANK8   BANK9  BANK10  BANK11  BANK12  BANK13  BANK14  BANK15
      Params:         4       0       0       0       0       0       0       0       0       0       0       0       0       0       0       0       0
      Locals:         2       0       0       0       0       0       0       0       0       0       0       0       0       0       0       0       0
      Temps:          4       0       0       0       0       0       0       0       0       0       0       0       0       0       0       0       0
      Totals:        10       0       0       0       0       0       0       0       0       0       0       0       0       0       0       0       0
Total ram usage:       10 bytes
 Hardware stack levels used:    1
 This function calls:
		Nothing
 This function is called by:
		_gamepadPressed
 This function uses a non-reentrant model


 *************** function _hasPlayerLeftFrisbeeLocation *****************
 Defined at:
		line 158 in file "newmain.c"
 Parameters:    Size  Location     Type
		None
 Auto vars:     Size  Location     Type
  selected_pla    2    6[COMRAM] int 
 Return value:  Size  Location     Type
                  2    0[COMRAM] int 
 Registers used:
		wreg, fsr2l, fsr2h, status,2, status,0
 Tracked objects:
		On entry : 
		On exit  : 
		Unchanged: 
 Data sizes:     COMRAM   BANK0   BANK1   BANK2   BANK3   BANK4   BANK5   BANK6   BANK7   BANK8   BANK9  BANK10  BANK11  BANK12  BANK13  BANK14  BANK15
      Params:         2       0       0       0       0       0       0       0       0       0       0       0       0       0       0       0       0
      Locals:         2       0       0       0       0       0       0       0       0       0       0       0       0       0       0       0       0
      Temps:          4       0       0       0       0       0       0       0       0       0       0       0       0       0       0       0       0
      Totals:         8       0       0       0       0       0       0       0       0       0       0       0       0       0       0       0       0
Total ram usage:        8 bytes
 Hardware stack levels used:    1
 This function calls:
		Nothing
 This function is called by:
		_gamepadPressed
 This function uses a non-reentrant model


 *************** function _frisbeeReleasedOnLCD *****************
 Defined at:
		line 189 in file "newmain.c"
 Parameters:    Size  Location     Type
		None
 Auto vars:     Size  Location     Type
  frisbeeY        2   11[COMRAM] int 
  frisbeeX        2    9[COMRAM] int 
  selected_pla    2    0        int 
 Return value:  Size  Location     Type
                  1    wreg      void 
 Registers used:
		wreg, status,2, status,0, tblptrl, tblptrh, tblptru, cstack
 Tracked objects:
		On entry : 
		On exit  : 
		Unchanged: 
 Data sizes:     COMRAM   BANK0   BANK1   BANK2   BANK3   BANK4   BANK5   BANK6   BANK7   BANK8   BANK9  BANK10  BANK11  BANK12  BANK13  BANK14  BANK15
      Params:         0       0       0       0       0       0       0       0       0       0       0       0       0       0       0       0       0
      Locals:         6       0       0       0       0       0       0       0       0       0       0       0       0       0       0       0       0
      Temps:          0       0       0       0       0       0       0       0       0       0       0       0       0       0       0       0       0
      Totals:         6       0       0       0       0       0       0       0       0       0       0       0       0       0       0       0       0
Total ram usage:        6 bytes
 Hardware stack levels used:    1
 Hardware stack levels required when called:    2
 This function calls:
		_LCDStr
		i2_LCDDat
		i2_LCDGoto
 This function is called by:
		_gamepadPressed
 This function uses a non-reentrant model


 *************** function _frisbeeHeldOnLCD *****************
 Defined at:
		line 175 in file "newmain.c"
 Parameters:    Size  Location     Type
		None
 Auto vars:     Size  Location     Type
  frisbeeY        2   13[COMRAM] int 
  frisbeeX        2   11[COMRAM] int 
  selected_pla    2    7[COMRAM] int 
 Return value:  Size  Location     Type
                  1    wreg      void 
 Registers used:
		wreg, status,2, status,0, tblptrl, tblptrh, tblptru, cstack
 Tracked objects:
		On entry : 
		On exit  : 
		Unchanged: 
 Data sizes:     COMRAM   BANK0   BANK1   BANK2   BANK3   BANK4   BANK5   BANK6   BANK7   BANK8   BANK9  BANK10  BANK11  BANK12  BANK13  BANK14  BANK15
      Params:         0       0       0       0       0       0       0       0       0       0       0       0       0       0       0       0       0
      Locals:         8       0       0       0       0       0       0       0       0       0       0       0       0       0       0       0       0
      Temps:          0       0       0       0       0       0       0       0       0       0       0       0       0       0       0       0       0
      Totals:         8       0       0       0       0       0       0       0       0       0       0       0       0       0       0       0       0
Total ram usage:        8 bytes
 Hardware stack levels used:    1
 Hardware stack levels required when called:    2
 This function calls:
		_LCDStr
		i2_LCDDat
		i2_LCDGoto
 This function is called by:
		_gamepadPressed
 This function uses a non-reentrant model


 *************** function i2_LCDGoto *****************
 Defined at:
		line 72 in file "./LCD.h"
 Parameters:    Size  Location     Type
  p_2             1    wreg     unsigned char 
  p_1             1    2[COMRAM] unsigned char 
 Auto vars:     Size  Location     Type
  p_2             1    3[COMRAM] unsigned char 
 Return value:  Size  Location     Type
                  1    wreg      void 
 Registers used:
		wreg, status,2, status,0, cstack
 Tracked objects:
		On entry : 
		On exit  : 
		Unchanged: 
 Data sizes:     COMRAM   BANK0   BANK1   BANK2   BANK3   BANK4   BANK5   BANK6   BANK7   BANK8   BANK9  BANK10  BANK11  BANK12  BANK13  BANK14  BANK15
      Params:         1       0       0       0       0       0       0       0       0       0       0       0       0       0       0       0       0
      Locals:         1       0       0       0       0       0       0       0       0       0       0       0       0       0       0       0       0
      Temps:          0       0       0       0       0       0       0       0       0       0       0       0       0       0       0       0       0
      Totals:         2       0       0       0       0       0       0       0       0       0       0       0       0       0       0       0       0
Total ram usage:        2 bytes
 Hardware stack levels used:    1
 Hardware stack levels required when called:    1
 This function calls:
		i2_LCDCmd
 This function is called by:
		_moveSelectedPlayerPositionOnLCD
		_frisbeeHeldOnLCD
		_frisbeeReleasedOnLCD
		_switchSelectedPlayer
 This function uses a non-reentrant model


 *************** function i2_LCDCmd *****************
 Defined at:
		line 48 in file "./LCD.h"
 Parameters:    Size  Location     Type
  cmd             1    wreg     unsigned char 
 Auto vars:     Size  Location     Type
  cmd             1    1[COMRAM] unsigned char 
 Return value:  Size  Location     Type
                  1    wreg      void 
 Registers used:
		wreg
 Tracked objects:
		On entry : 
		On exit  : 
		Unchanged: 
 Data sizes:     COMRAM   BANK0   BANK1   BANK2   BANK3   BANK4   BANK5   BANK6   BANK7   BANK8   BANK9  BANK10  BANK11  BANK12  BANK13  BANK14  BANK15
      Params:         0       0       0       0       0       0       0       0       0       0       0       0       0       0       0       0       0
      Locals:         1       0       0       0       0       0       0       0       0       0       0       0       0       0       0       0       0
      Temps:          1       0       0       0       0       0       0       0       0       0       0       0       0       0       0       0       0
      Totals:         2       0       0       0       0       0       0       0       0       0       0       0       0       0       0       0       0
Total ram usage:        2 bytes
 Hardware stack levels used:    1
 This function calls:
		Nothing
 This function is called by:
		i2_LCDGoto
 This function uses a non-reentrant model


 *************** function _LCDStr *****************
 Defined at:
		line 91 in file "./LCD.h"
 Parameters:    Size  Location     Type
  str             2    2[COMRAM] PTR const unsigned char 
		 -> STR_5(2), STR_4(2), STR_3(2), STR_2(2), 
		 -> STR_1(2), 
 Auto vars:     Size  Location     Type
  i               1    6[COMRAM] unsigned char 
 Return value:  Size  Location     Type
                  1    wreg      void 
 Registers used:
		wreg, status,2, status,0, tblptrl, tblptrh, tblptru, cstack
 Tracked objects:
		On entry : 
		On exit  : 
		Unchanged: 
 Data sizes:     COMRAM   BANK0   BANK1   BANK2   BANK3   BANK4   BANK5   BANK6   BANK7   BANK8   BANK9  BANK10  BANK11  BANK12  BANK13  BANK14  BANK15
      Params:         2       0       0       0       0       0       0       0       0       0       0       0       0       0       0       0       0
      Locals:         1       0       0       0       0       0       0       0       0       0       0       0       0       0       0       0       0
      Temps:          2       0       0       0       0       0       0       0       0       0       0       0       0       0       0       0       0
      Totals:         5       0       0       0       0       0       0       0       0       0       0       0       0       0       0       0       0
Total ram usage:        5 bytes
 Hardware stack levels used:    1
 Hardware stack levels required when called:    1
 This function calls:
		i2_LCDDat
 This function is called by:
		_moveSelectedPlayerPositionOnLCD
		_frisbeeHeldOnLCD
		_frisbeeReleasedOnLCD
		_switchSelectedPlayer
 This function uses a non-reentrant model


 *************** function i2_LCDDat *****************
 Defined at:
		line 58 in file "./LCD.h"
 Parameters:    Size  Location     Type
  dat             1    wreg     unsigned char 
 Auto vars:     Size  Location     Type
  dat             1    1[COMRAM] unsigned char 
 Return value:  Size  Location     Type
                  1    wreg      void 
 Registers used:
		wreg
 Tracked objects:
		On entry : 
		On exit  : 
		Unchanged: 
 Data sizes:     COMRAM   BANK0   BANK1   BANK2   BANK3   BANK4   BANK5   BANK6   BANK7   BANK8   BANK9  BANK10  BANK11  BANK12  BANK13  BANK14  BANK15
      Params:         0       0       0       0       0       0       0       0       0       0       0       0       0       0       0       0       0
      Locals:         1       0       0       0       0       0       0       0       0       0       0       0       0       0       0       0       0
      Temps:          1       0       0       0       0       0       0       0       0       0       0       0       0       0       0       0       0
      Totals:         2       0       0       0       0       0       0       0       0       0       0       0       0       0       0       0       0
Total ram usage:        2 bytes
 Hardware stack levels used:    1
 This function calls:
		Nothing
 This function is called by:
		_LCDStr
		_moveSelectedPlayerPositionOnLCD
		_frisbeeHeldOnLCD
		_frisbeeReleasedOnLCD
		_switchSelectedPlayer
 This function uses a non-reentrant model


 *************** function _frisbeeHeld *****************
 Defined at:
		line 145 in file "newmain.c"
 Parameters:    Size  Location     Type
		None
 Auto vars:     Size  Location     Type
  selected_pla    2    6[COMRAM] int 
 Return value:  Size  Location     Type
                  2    0[COMRAM] int 
 Registers used:
		wreg, fsr2l, fsr2h, status,2, status,0
 Tracked objects:
		On entry : 
		On exit  : 
		Unchanged: 
 Data sizes:     COMRAM   BANK0   BANK1   BANK2   BANK3   BANK4   BANK5   BANK6   BANK7   BANK8   BANK9  BANK10  BANK11  BANK12  BANK13  BANK14  BANK15
      Params:         2       0       0       0       0       0       0       0       0       0       0       0       0       0       0       0       0
      Locals:         2       0       0       0       0       0       0       0       0       0       0       0       0       0       0       0       0
      Temps:          4       0       0       0       0       0       0       0       0       0       0       0       0       0       0       0       0
      Totals:         8       0       0       0       0       0       0       0       0       0       0       0       0       0       0       0       0
Total ram usage:        8 bytes
 Hardware stack levels used:    1
 This function calls:
		Nothing
 This function is called by:
		_gamepadPressed
 This function uses a non-reentrant model



MODULE INFORMATION

Module		Function		Class		Link	Load	Size
./ADC.h
		_initADC       		CODE           	1F20	0000	36

./ADC.h estimated size: 36

/opt/microchip/xc8/v2.30/pic/sources/c99/common/lwmod.c
		___lwmod       		CODE           	1BF8	0000	100

/opt/microchip/xc8/v2.30/pic/sources/c99/common/lwmod.c estimated size: 100

newmain.c
		_isThereOtherPlayer		CODE           	17EA	0000	182
		_throwFrisbee  		CODE           	1F82	0000	10
		_switchSelectedPlayer		CODE           	13E8	0000	404
		_frisbeeHeld   		CODE           	18A0	0000	166
		_setInitialState		CODE           	1666	0000	204
		_hasPlayerLeftFrisbeeLocation		CODE           	1732	0000	184
		_display_7seg  		CODE           	1B22	0000	108
		_main          		CODE           	1F66	0000	28
		_gamepadPressed		CODE           	1004	0000	996
		_FNC           		CODE           	0008	0000	240
		_moveSelectedPlayerPositionOnLCD		CODE           	1C5C	0000	92
		_frisbeeReleasedOnLCD		CODE           	1E1E	0000	56
		_frisbeeHeldOnLCD		CODE           	1AB2	0000	112
		_initRegisters 		CODE           	1D0E	0000	80

newmain.c estimated size: 2862

./LCD.h
		_LCDCmd        		CODE           	1E56	0000	54
		_LCDStr        		CODE           	1946	0000	128
		_InitLCD       		CODE           	1E8C	0000	50
		_LCDDat        		CODE           	1DE6	0000	56
		_LCDAddSpecialCharacter		CODE           	1DA6	0000	64
		_LCDGoto       		CODE           	19C6	0000	120

./LCD.h estimated size: 472

./the3.h
		_random_generator		CODE           	1CB8	0000	86

./the3.h estimated size: 86

shared
		i2_LCDGoto     		CODE           	1A3E	0000	116
		i2_LCDCmd      		CODE           	1EF0	0000	48
		__initialization		CODE           	1B8E	0000	88
		i2_LCDDat      		CODE           	1EBE	0000	50

shared estimated size: 302

