Microchip MPLAB XC8 Compiler V2.30

Linker command line:

-W-3 --edf=/opt/microchip/xc8/v2.30/pic/dat/en_msgs.txt -cn \
  -h+dist/default/production/the3.X.production.sym \
  --cmf=dist/default/production/the3.X.production.cmf -z -Q18F4620 \
  -o/tmp/xcXNOgDPn --defsym=__MPLAB_BUILD=1 \
  -Mdist/default/production/the3.X.production.map -E1 -ver=XC8 Compiler \
  --acfsm=1493 -ASTACK=0188h-0F7Fh -pstack=STACK -ACODE=00h-0FFFFh \
  -ACONST=00h-0FFFFh -ASMALLCONST=01000h-010FFhx240 \
  -AMEDIUMCONST=01000h-0FFFFh -ACOMRAM=01h-07Fh -AABS1=00h-0F7Fh \
  -ABIGRAM=01h-0F7Fh -ARAM=080h-0FFh,0100h-01FFhx14,0F00h-0F7Fh \
  -ABANK0=080h-0FFh -ABANK1=0100h-01FFh -ABANK2=0200h-02FFh \
  -ABANK3=0300h-03FFh -ABANK4=0400h-04FFh -ABANK5=0500h-05FFh \
  -ABANK6=0600h-06FFh -ABANK7=0700h-07FFh -ABANK8=0800h-08FFh \
  -ABANK9=0900h-09FFh -ABANK10=0A00h-0AFFh -ABANK11=0B00h-0BFFh \
  -ABANK12=0C00h-0CFFh -ABANK13=0D00h-0DFFh -ABANK14=0E00h-0EFFh \
  -ABANK15=0F00h-0F7Fh -ASFR=0F80h-0FFFh -ACONFIG=0300000h-030000Dh \
  -AIDLOC=0200000h-0200007h -AEEDATA=0F00000h-0F003FFh -peeprom_data=EEDATA \
  -preset_vec=00h,intcode=08h,intcodelo,powerup,init -pramtop=01000h \
  -psmallconst=SMALLCONST -pmediumconst=MEDIUMCONST -pconst=CONST \
  -AFARRAM=00h-00h \
  -prdata=COMRAM,nvrram=COMRAM,nvbit=COMRAM,rbss=COMRAM,rbit=COMRAM \
  -pfarbss=FARRAM,fardata=FARRAM,nvFARRAM=FARRAM \
  -pintsave_regs=BIGRAM,bigbss=BIGRAM,bigdata=BIGRAM -pbss=RAM \
  -pidata=CODE,irdata=CODE,ibigdata=CODE,ifardata=CODE -prparam=COMRAM \
  /tmp/xcXMKJjKf.o dist/default/production/the3.X.production.o 

Object code version is 3.11

Machine type is 18F4620



                Name                               Link     Load   Length Selector   Space Scale
/tmp/xcXMKJjKf.o
                idloc                            200000   200000        8        0       5
                config                           300000   300000        E        0       4
                init                                  E        E        4        4       0
                reset_vec                             0        0        4        0       0
dist/default/production/the3.X.production.o
                intcode                               8        8        6        4       0
                idloc                            200000   200000        8        0       5
                config                           300000   300000        E        0       4
                temp                                 7F       7F        1        1       1
                smallconst                         1000     1000       44      800       0
                text26                             1C8A     1C8A       B0      822       0
                text25                             17D8     17D8      188      822       0
                text24                             1960     1960      164      822       0
                text23                             21B8     21B8       40      822       0
                text22                             23CE     23CE        2     11E7       0
                text21                             1E72     1E72       96      822       0
                text20                             2134     2134       44      822       0
                text19                             229E     229E       36      822       0
                text18                             1BC8     1BC8       C2      822       0
                text17                             1346     1346      2DE      822       0
                text16                             1624     1624      1B4      822       0
                text15                             2084     2084       62      822       0
                text14                             2368     2368       26      822       0
                text13                             2338     2338       30      822       0
                text12                             2306     2306       32      822       0
                text11                             2230     2230       38      822       0
                text10                             2010     2010       74      822       0
                text9                              1DD8     1DD8       9A      822       0
                intcode_body                       1044     1044      302      822       0
                text7                              2268     2268       36      822       0
                text6                              22D4     22D4       32      822       0
                text5                              21F8     21F8       38      822       0
                text4                              2178     2178       40      822       0
                text3                              1F98     1F98       78      822       0
                text2                              238E     238E       24      822       0
                text1                              1D3A     1D3A       9E      822       0
                text0                              1AC4     1AC4      104      822       0
                cstackCOMRAM                          1        1       75        1       1
                cstackBANK0                          CE       CE       14       80       1
                cstackBANK1                         17E      17E        A      100       1
                dataBANK1                           166      166       18      100       1
                bssBANK1                            100      100       66      100       1
                dataBANK0                            80       80       4E       80       1
                bssBANK0                             E2       E2        D       80       1
                dataCOMRAM                           7C       7C        3        1       1
                bssCOMRAM                            76       76        6        1       1
                cinit                              1F08     1F08       90      822       0
                idataBANK1                         23B2     23B2       18      822       0
                idataBANK0                         20E6     20E6       4E      822       0
                idataCOMRAM                        23CA     23CA        3      822       0

TOTAL           Name                               Link     Load   Length     Space
        CLASS   STACK          

        CLASS   CODE           
                intcode                               8        8        6         0
                init                                  E        E        4         0
                reset_vec                             0        0        4         0
                text26                             1C8A     1C8A       B0         0
                text25                             17D8     17D8      188         0
                text24                             1960     1960      164         0
                text23                             21B8     21B8       40         0
                text22                             23CE     23CE        2         0
                text21                             1E72     1E72       96         0
                text20                             2134     2134       44         0
                text19                             229E     229E       36         0
                text18                             1BC8     1BC8       C2         0
                text17                             1346     1346      2DE         0
                text16                             1624     1624      1B4         0
                text15                             2084     2084       62         0
                text14                             2368     2368       26         0
                text13                             2338     2338       30         0
                text12                             2306     2306       32         0
                text11                             2230     2230       38         0
                text10                             2010     2010       74         0
                text9                              1DD8     1DD8       9A         0
                intcode_body                       1044     1044      302         0
                text7                              2268     2268       36         0
                text6                              22D4     22D4       32         0
                text5                              21F8     21F8       38         0
                text4                              2178     2178       40         0
                text3                              1F98     1F98       78         0
                text2                              238E     238E       24         0
                text1                              1D3A     1D3A       9E         0
                text0                              1AC4     1AC4      104         0
                cinit                              1F08     1F08       90         0
                idataBANK1                         23B2     23B2       18         0
                idataBANK0                         20E6     20E6       4E         0
                idataCOMRAM                        23CA     23CA        3         0

        CLASS   CONST          

        CLASS   SMALLCONST     
                smallconst                         1000     1000       44         0

        CLASS   MEDIUMCONST    

        CLASS   COMRAM         
                temp                                 7F       7F        1         1
                cstackCOMRAM                          1        1       75         1
                dataCOMRAM                           7C       7C        3         1
                bssCOMRAM                            76       76        6         1

        CLASS   ABS1           

        CLASS   BIGRAM         

        CLASS   RAM            

        CLASS   BANK0          
                cstackBANK0                          CE       CE       14         1
                dataBANK0                            80       80       4E         1
                bssBANK0                             E2       E2        D         1

        CLASS   BANK1          
                cstackBANK1                         17E      17E        A         1
                dataBANK1                           166      166       18         1
                bssBANK1                            100      100       66         1

        CLASS   BANK2          

        CLASS   BANK3          

        CLASS   BANK4          

        CLASS   BANK5          

        CLASS   BANK6          

        CLASS   BANK7          

        CLASS   BANK8          

        CLASS   BANK9          

        CLASS   BANK10         

        CLASS   BANK11         

        CLASS   BANK12         

        CLASS   BANK13         

        CLASS   BANK14         

        CLASS   BANK15         

        CLASS   SFR            

        CLASS   CONFIG         
                config                           300000   300000        E         4

        CLASS   IDLOC          
                idloc                            200000   200000        8         5

        CLASS   EEDATA         

        CLASS   FARRAM         



SEGMENTS        Name                           Load    Length   Top    Selector   Space  Class

                reset_vec                      000000  000004  000004         0       0  CODE    
                bssBANK1                       000100  000088  000188       100       1  BANK1   
                text22                         0023CE  000002  0023D0      11E7       0  CODE    
                intcode_body                   001044  001389  0023CD       822       0  CODE    
                intcode                        000008  00000A  000012         4       0  CODE    
                cstackCOMRAM                   000001  00007F  000080         1       1  COMRAM  
                dataBANK0                      000080  00006F  0000EF        80       1  BANK0   
                smallconst                     001000  000044  001044       800       0  SMALLCON


UNUSED ADDRESS RANGES

        Name                Unused          Largest block    Delta
        BANK0            0000EF-0000FF               11
        BANK1            000188-0001FF               78
        BANK10           000A00-000AFF              100
        BANK11           000B00-000BFF              100
        BANK12           000C00-000CFF              100
        BANK13           000D00-000DFF              100
        BANK14           000E00-000EFF              100
        BANK15           000F00-000F7F               80
        BANK2            000200-0002FF              100
        BANK3            000300-0003FF              100
        BANK4            000400-0004FF              100
        BANK5            000500-0005FF              100
        BANK6            000600-0006FF              100
        BANK7            000700-0007FF              100
        BANK8            000800-0008FF              100
        BANK9            000900-0009FF              100
        BIGRAM           0000EF-0000FF               11
                         000188-000F7F              DF8
        CODE             000004-000007                4
                         000012-000FFF              FEE
                         0023CD-0023CD                1
                         0023D0-00FFFF             DC30
        CONST            000004-000007                4
                         000012-000FFF              FEE
                         0023CD-0023CD                1
                         0023D0-00FFFF             DC30
        EEDATA           F00000-F003FF              400
        MEDIUMCONST      0023CD-0023CD                1
                         0023D0-00FFFF             DC30
        RAM              0000EF-0000FF               11
                         000188-000F7F              100
        SFR              000F80-000FFF               80
        SMALLCONST       0023CD-0023CD                1
                         0023D0-00FFFF              100
        STACK            000188-000F7F              DF8

                                  Symbol Table

?___aodiv                                cstackCOMRAM 000001
?___aomod                                cstackCOMRAM 000001
?___awmod                                cstackCOMRAM 000001
?_abs                                    cstackCOMRAM 000013
?_dtoa                                   cstackCOMRAM 00001C
?_pad                                    cstackCOMRAM 000011
?_printf                                 cstackCOMRAM 000058
?_readADCChannel                         cstackBANK0  0000DC
?_strlen                                 cstackCOMRAM 000001
?_vfpfcnvrt                              cstackCOMRAM 000040
?_vfprintf                               cstackCOMRAM 000050
FNC@oldX                                 cstackCOMRAM 000072
FNC@oldY                                 cstackCOMRAM 000074
LCDAddSpecialCharacter@character_index   cstackBANK0  0000E0
LCDAddSpecialCharacter@data              cstackBANK0  0000DE
LCDAddSpecialCharacter@i                 cstackBANK0  0000E1
LCDCmd@cmd                               cstackBANK0  0000DD
LCDDat@dat                               cstackBANK0  0000DD
LCDGoto@p_1                              cstackBANK0  0000DE
LCDGoto@p_2                              cstackBANK0  0000DF
_ADCON0bits                              (abs)        000FC2
_ADCON1bits                              (abs)        000FC1
_ADCON2bits                              (abs)        000FC0
_ADRESH                                  (abs)        000FC4
_ADRESL                                  (abs)        000FC3
_CONVERT                                 bssBANK0     0000E6
_FNC                                     intcode      000008
_INTCONbits                              (abs)        000FF2
_InitLCD                                 text6        0022D4
_LATA                                    (abs)        000F89
_LATB                                    (abs)        000F8A
_LCDAddSpecialCharacter                  text4        002178
_LCDCmd                                  text7        002268
_LCDDat                                  text5        0021F8
_LCDGoto                                 text3        001F98
_PIR1bits                                (abs)        000F9E
_PORTA                                   (abs)        000F80
_PORTBbits                               (abs)        000F81
_PORTD                                   (abs)        000F83
_PORTEbits                               (abs)        000F84
_T0CON                                   (abs)        000FD5
_TMR0                                    (abs)        000FD6
_TMR0IF                                  (abs)        007F92
_TRISA                                   (abs)        000F92
_TRISAbits                               (abs)        000F92
_TRISBbits                               (abs)        000F93
_TRISD                                   (abs)        000F95
_TRISEbits                               (abs)        000F96
__HRAM                                   (abs)        000000
__Habs1                                  abs1         000000
__Hbank0                                 bank0        000000
__Hbank1                                 bank1        000000
__Hbank10                                bank10       000000
__Hbank11                                bank11       000000
__Hbank12                                bank12       000000
__Hbank13                                bank13       000000
__Hbank14                                bank14       000000
__Hbank15                                bank15       000000
__Hbank2                                 bank2        000000
__Hbank3                                 bank3        000000
__Hbank4                                 bank4        000000
__Hbank5                                 bank5        000000
__Hbank6                                 bank6        000000
__Hbank7                                 bank7        000000
__Hbank8                                 bank8        000000
__Hbank9                                 bank9        000000
__Hbigbss                                bigbss       000000
__Hbigdata                               bigdata      000000
__Hbigram                                bigram       000000
__Hbss                                   bss          000000
__HbssBANK0                              bssBANK0     000000
__HbssBANK1                              bssBANK1     000000
__HbssCOMRAM                             bssCOMRAM    000000
__Hcinit                                 cinit        000000
__Hclrtext                               clrtext      000000
__Hcomram                                comram       000000
__Hconfig                                config       30000E
__Hconst                                 const        000000
__HcstackBANK0                           cstackBANK0  000000
__HcstackBANK1                           cstackBANK1  000000
__HcstackCOMRAM                          cstackCOMRAM 000000
__Hdata                                  data         000000
__HdataBANK0                             dataBANK0    000000
__HdataBANK1                             dataBANK1    000000
__HdataCOMRAM                            dataCOMRAM   000000
__Heeprom_data                           eeprom_data  000000
__Hfarbss                                farbss       000000
__Hfardata                               fardata      000000
__Hibigdata                              ibigdata     000000
__Hidata                                 idata        000000
__HidataBANK0                            idataBANK0   000000
__HidataBANK1                            idataBANK1   000000
__HidataCOMRAM                           idataCOMRAM  000000
__Hidloc                                 idloc        200008
__Hifardata                              ifardata     000000
__Hinit                                  init         000012
__Hintcode                               intcode      00000E
__Hintcode_body                          intcode_body 000000
__Hintcodelo                             intcodelo    00000E
__Hintentry                              intentry     000000
__Hintret                                intret       000000
__Hintsave_regs                          intsave_regs 000000
__Hirdata                                irdata       000000
__Hmediumconst                           mediumconst  000000
__HnvFARRAM                              nvFARRAM     000000
__Hnvbit                                 nvbit        000000
__Hnvrram                                nvrram       000000
__Hparam                                 rparam       000000
__Hpowerup                               powerup      00000E
__Hram                                   ram          000000
__Hramtop                                ramtop       001000
__Hrbit                                  rbit         000000
__Hrbss                                  rbss         000000
__Hrdata                                 rdata        000000
__Hreset_vec                             reset_vec    000004
__Hrparam                                rparam       000000
__Hsfr                                   sfr          000000
__Hsmallconst                            smallconst   001044
__Hspace_0                               (abs)        0023D0
__Hspace_1                               (abs)        000188
__Hspace_2                               (abs)        000000
__Hspace_4                               (abs)        60000E
__Hstack                                 stack        000000
__Hstruct                                struct       000000
__Htemp                                  temp         000080
__Htext                                  text         000000
__Htext0                                 text0        000000
__Htext1                                 text1        000000
__Htext10                                text10       000000
__Htext11                                text11       000000
__Htext12                                text12       000000
__Htext13                                text13       000000
__Htext14                                text14       000000
__Htext15                                text15       000000
__Htext16                                text16       000000
__Htext17                                text17       000000
__Htext18                                text18       000000
__Htext19                                text19       000000
__Htext2                                 text2        000000
__Htext20                                text20       000000
__Htext21                                text21       000000
__Htext22                                text22       000000
__Htext23                                text23       000000
__Htext24                                text24       000000
__Htext25                                text25       000000
__Htext26                                text26       000000
__Htext3                                 text3        000000
__Htext4                                 text4        000000
__Htext5                                 text5        000000
__Htext6                                 text6        000000
__Htext7                                 text7        000000
__Htext9                                 text9        000000
__LRAM                                   (abs)        000001
__Labs1                                  abs1         000000
__Lbank0                                 bank0        000000
__Lbank1                                 bank1        000000
__Lbank10                                bank10       000000
__Lbank11                                bank11       000000
__Lbank12                                bank12       000000
__Lbank13                                bank13       000000
__Lbank14                                bank14       000000
__Lbank15                                bank15       000000
__Lbank2                                 bank2        000000
__Lbank3                                 bank3        000000
__Lbank4                                 bank4        000000
__Lbank5                                 bank5        000000
__Lbank6                                 bank6        000000
__Lbank7                                 bank7        000000
__Lbank8                                 bank8        000000
__Lbank9                                 bank9        000000
__Lbigbss                                bigbss       000000
__Lbigdata                               bigdata      000000
__Lbigram                                bigram       000000
__Lbss                                   bss          000000
__LbssBANK0                              bssBANK0     000000
__LbssBANK1                              bssBANK1     000000
__LbssCOMRAM                             bssCOMRAM    000000
__Lcinit                                 cinit        000000
__Lclrtext                               clrtext      000000
__Lcomram                                comram       000000
__Lconfig                                config       000000
__Lconst                                 const        000000
__LcstackBANK0                           cstackBANK0  000000
__LcstackBANK1                           cstackBANK1  000000
__LcstackCOMRAM                          cstackCOMRAM 000000
__Ldata                                  data         000000
__LdataBANK0                             dataBANK0    000000
__LdataBANK1                             dataBANK1    000000
__LdataCOMRAM                            dataCOMRAM   000000
__Leeprom_data                           eeprom_data  000000
__Lfarbss                                farbss       000000
__Lfardata                               fardata      000000
__Libigdata                              ibigdata     000000
__Lidata                                 idata        000000
__LidataBANK0                            idataBANK0   000000
__LidataBANK1                            idataBANK1   000000
__LidataCOMRAM                           idataCOMRAM  000000
__Lidloc                                 idloc        000000
__Lifardata                              ifardata     000000
__Linit                                  init         00000E
__Lintcode                               intcode      000008
__Lintcode_body                          intcode_body 000000
__Lintcodelo                             intcodelo    00000E
__Lintentry                              intentry     000000
__Lintret                                intret       000000
__Lintsave_regs                          intsave_regs 000000
__Lirdata                                irdata       000000
__Lmediumconst                           mediumconst  000000
__LnvFARRAM                              nvFARRAM     000000
__Lnvbit                                 nvbit        000000
__Lnvrram                                nvrram       000000
__Lparam                                 rparam       000000
__Lpowerup                               powerup      00000E
__Lram                                   ram          000000
__Lramtop                                ramtop       001000
__Lrbit                                  rbit         000000
__Lrbss                                  rbss         000000
__Lrdata                                 rdata        000000
__Lreset_vec                             reset_vec    000000
__Lrparam                                rparam       000000
__Lsfr                                   sfr          000000
__Lsmallconst                            smallconst   001000
__Lspace_0                               (abs)        000000
__Lspace_1                               (abs)        000000
__Lspace_2                               (abs)        000000
__Lspace_4                               (abs)        000000
__Lstack                                 stack        000000
__Lstruct                                struct       000000
__Ltemp                                  temp         00007F
__Ltext                                  text         000000
__Ltext0                                 text0        000000
__Ltext1                                 text1        000000
__Ltext10                                text10       000000
__Ltext11                                text11       000000
__Ltext12                                text12       000000
__Ltext13                                text13       000000
__Ltext14                                text14       000000
__Ltext15                                text15       000000
__Ltext16                                text16       000000
__Ltext17                                text17       000000
__Ltext18                                text18       000000
__Ltext19                                text19       000000
__Ltext2                                 text2        000000
__Ltext20                                text20       000000
__Ltext21                                text21       000000
__Ltext22                                text22       000000
__Ltext23                                text23       000000
__Ltext24                                text24       000000
__Ltext25                                text25       000000
__Ltext26                                text26       000000
__Ltext3                                 text3        000000
__Ltext4                                 text4        000000
__Ltext5                                 text5        000000
__Ltext6                                 text6        000000
__Ltext7                                 text7        000000
__Ltext9                                 text9        000000
__S0                                     (abs)        0023D0
__S1                                     (abs)        000188
__S2                                     (abs)        000000
__S4                                     (abs)        000000
__S5                                     (abs)        000000
___aodiv                                 text25       0017D8
___aodiv@counter                         cstackCOMRAM 000011
___aodiv@dividend                        cstackCOMRAM 000001
___aodiv@divisor                         cstackCOMRAM 000009
___aodiv@quotient                        cstackCOMRAM 000013
___aodiv@sign                            cstackCOMRAM 000012
___aomod                                 text24       001960
___aomod@counter                         cstackCOMRAM 000011
___aomod@dividend                        cstackCOMRAM 000001
___aomod@divisor                         cstackCOMRAM 000009
___aomod@sign                            cstackCOMRAM 000012
___awmod                                 text26       001C8A
___awmod@counter                         cstackCOMRAM 000005
___awmod@dividend                        cstackCOMRAM 000001
___awmod@divisor                         cstackCOMRAM 000003
___awmod@sign                            cstackCOMRAM 000006
___inthi_sp                              stack        000000
___intlo_sp                              stack        000000
___param_bank                            (abs)        000000
___rparam_used                           (abs)        000001
___sp                                    stack        000000
__accesstop                              (abs)        000080
__activetblptr                           (abs)        000002
__end_of_FNC                             intcode_body 001346
__end_of_InitLCD                         text6        002306
__end_of_LCDAddSpecialCharacter          text4        0021B8
__end_of_LCDCmd                          text7        00229E
__end_of_LCDDat                          text5        002230
__end_of_LCDGoto                         text3        002010
__end_of___aodiv                         text25       001960
__end_of___aomod                         text24       001AC4
__end_of___awmod                         text26       001D3A
__end_of__initialization                 cinit        001F8A
__end_of_abs                             text23       0021F8
__end_of_dtoa                            text17       001624
__end_of_fputc                           text21       001F08
__end_of_fputs                           text20       002178
__end_of_initADC                         text2        0023B2
__end_of_main                            text0        001BC8
__end_of_pad                             text18       001C8A
__end_of_printf                          text14       00238E
__end_of_putch                           text22       0023D0
__end_of_readADCChannel                  text1        001DD8
__end_of_strlen                          text19       0022D4
__end_of_updatePlayerPositionOnLCD       text9        001E72
__end_of_vfpfcnvrt                       text16       0017D8
__end_of_vfprintf                        text15       0020E6
__end_ofi2_LCDAddSpecialCharacter        text11       002268
__end_ofi2_LCDCmd                        text13       002368
__end_ofi2_LCDDat                        text12       002338
__end_ofi2_LCDGoto                       text10       002084
__initialization                         cinit        001F08
__mediumconst                            mediumconst  000000
__pbssBANK0                              bssBANK0     0000E2
__pbssBANK1                              bssBANK1     000100
__pbssCOMRAM                             bssCOMRAM    000076
__pcinit                                 cinit        001F08
__pcstackBANK0                           cstackBANK0  0000CE
__pcstackBANK1                           cstackBANK1  00017E
__pcstackCOMRAM                          cstackCOMRAM 000001
__pdataBANK0                             dataBANK0    000080
__pdataBANK1                             dataBANK1    000166
__pdataCOMRAM                            dataCOMRAM   00007C
__pidataBANK0                            idataBANK0   0020E6
__pidataBANK1                            idataBANK1   0023B2
__pidataCOMRAM                           idataCOMRAM  0023CA
__pintcode                               intcode      000008
__pintcode_body                          intcode_body 001044
__psmallconst                            smallconst   001000
__ptext0                                 text0        001AC4
__ptext1                                 text1        001D3A
__ptext10                                text10       002010
__ptext11                                text11       002230
__ptext12                                text12       002306
__ptext13                                text13       002338
__ptext14                                text14       002368
__ptext15                                text15       002084
__ptext16                                text16       001624
__ptext17                                text17       001346
__ptext18                                text18       001BC8
__ptext19                                text19       00229E
__ptext2                                 text2        00238E
__ptext20                                text20       002134
__ptext21                                text21       001E72
__ptext22                                text22       0023CE
__ptext23                                text23       0021B8
__ptext24                                text24       001960
__ptext25                                text25       0017D8
__ptext26                                text26       001C8A
__ptext3                                 text3        001F98
__ptext4                                 text4        002178
__ptext5                                 text5        0021F8
__ptext6                                 text6        0022D4
__ptext7                                 text7        002268
__ptext9                                 text9        001DD8
__ramtop                                 ramtop       001000
__size_of_FNC                            (abs)        000000
__size_of_InitLCD                        (abs)        000000
__size_of_LCDAddSpecialCharacter         (abs)        000000
__size_of_LCDCmd                         (abs)        000000
__size_of_LCDDat                         (abs)        000000
__size_of_LCDGoto                        (abs)        000000
__size_of___aodiv                        (abs)        000000
__size_of___aomod                        (abs)        000000
__size_of___awmod                        (abs)        000000
__size_of_abs                            (abs)        000000
__size_of_dtoa                           (abs)        000000
__size_of_fputc                          (abs)        000000
__size_of_fputs                          (abs)        000000
__size_of_initADC                        (abs)        000000
__size_of_main                           (abs)        000000
__size_of_pad                            (abs)        000000
__size_of_printf                         (abs)        000000
__size_of_putch                          (abs)        000000
__size_of_readADCChannel                 (abs)        000000
__size_of_strlen                         (abs)        000000
__size_of_updatePlayerPositionOnLCD      (abs)        000000
__size_of_vfpfcnvrt                      (abs)        000000
__size_of_vfprintf                       (abs)        000000
__size_ofi2_LCDAddSpecialCharacter       (abs)        000000
__size_ofi2_LCDCmd                       (abs)        000000
__size_ofi2_LCDDat                       (abs)        000000
__size_ofi2_LCDGoto                      (abs)        000000
__smallconst                             smallconst   001000
_abs                                     text23       0021B8
_dash                                    dataCOMRAM   00007C
_dbuf                                    bssBANK1     000146
_digits                                  dataBANK0    00009C
_display_state                           bssCOMRAM    00007A
_dtoa                                    text17       001346
_dtoa$1228                               cstackCOMRAM 00002E
_empty                                   bssBANK0     0000E7
_flags                                   bssCOMRAM    000078
_fputc                                   text21       001E72
_fputs                                   text20       002134
_frisbee                                 dataBANK0    0000A6
_frisbee_steps                           bssBANK1     000100
_frisbee_target                          dataBANK1    000166
_gameState                               dataBANK0    000080
_initADC                                 text2        00238E
_lcd_x                                   dataCOMRAM   00007E
_lcd_y                                   dataCOMRAM   00007D
_main                                    text0        001AC4
_nout                                    bssBANK0     0000E2
_pad                                     text18       001BC8
_prec                                    bssCOMRAM    000076
_printf                                  text14       002368
_putch                                   text22       0023CE
_readADCChannel                          text1        001D3A
_selected_teamA_player                   dataBANK0    0000B6
_selected_teamA_player_with_frisbee      dataBANK1    000176
_selected_teamB_player                   dataBANK0    0000AE
_selected_teamB_player_with_frisbee      dataBANK1    00016E
_strlen                                  text19       00229E
_teamA_player                            dataBANK0    0000C6
_teamB_player                            dataBANK0    0000BE
_updatePlayerPositionOnLCD               text9        001DD8
_updatePlayerPositionOnLCD$670           cstackCOMRAM 000070
_vfpfcnvrt                               text16       001624
_vfprintf                                text15       002084
_width                                   bssBANK0     0000E4
abs@a                                    cstackCOMRAM 000013
btemp                                    temp         00007F
dtoa@d                                   cstackCOMRAM 00001E
dtoa@fp                                  cstackCOMRAM 00001C
dtoa@i                                   cstackCOMRAM 00003E
dtoa@n                                   cstackCOMRAM 000036
dtoa@p                                   cstackCOMRAM 000030
dtoa@s                                   cstackCOMRAM 000034
dtoa@w                                   cstackCOMRAM 000032
end_of_initialization                    cinit        001F8A
fputc@c                                  cstackCOMRAM 000001
fputc@fp                                 cstackCOMRAM 000003
fputs@c                                  cstackCOMRAM 00000E
fputs@fp                                 cstackCOMRAM 00000C
fputs@i                                  cstackCOMRAM 00000F
fputs@s                                  cstackCOMRAM 00000A
i2LCDAddSpecialCharacter@character_index cstackCOMRAM 000005
i2LCDAddSpecialCharacter@data            cstackCOMRAM 000003
i2LCDAddSpecialCharacter@i               cstackCOMRAM 000006
i2LCDCmd@cmd                             cstackCOMRAM 000002
i2LCDDat@dat                             cstackCOMRAM 000002
i2LCDGoto@p_1                            cstackCOMRAM 000003
i2LCDGoto@p_2                            cstackCOMRAM 000004
i2_LCDAddSpecialCharacter                text11       002230
i2_LCDCmd                                text13       002338
i2_LCDDat                                text12       002306
i2_LCDGoto                               text10       002010
int$flags                                temp         00007F
int_func                                 intcode_body 001044
intlevel0                                text         000000
intlevel1                                text         000000
intlevel2                                text         000000
intlevel3                                text         000000
main@values                              cstackBANK1  00017E
pad@buf                                  cstackCOMRAM 000013
pad@fp                                   cstackCOMRAM 000011
pad@i                                    cstackCOMRAM 000018
pad@p                                    cstackCOMRAM 000015
pad@w                                    cstackCOMRAM 00001A
printf@ap                                cstackCOMRAM 000064
printf@fmt                               cstackCOMRAM 000058
readADCChannel@channel                   cstackBANK0  0000E0
stackhi                                  (abs)        000F7F
stacklo                                  (abs)        000188
start                                    init         00000E
start_initialization                     cinit        001F08
strlen@a                                 cstackCOMRAM 000003
strlen@s                                 cstackCOMRAM 000001
ttemp5                                   temp         000080
ttemp6                                   temp         000083
ttemp7                                   temp         000087
updatePlayerPositionOnLCD@newX           cstackCOMRAM 00006A
updatePlayerPositionOnLCD@newY           cstackCOMRAM 00006C
updatePlayerPositionOnLCD@oldX           cstackCOMRAM 000066
updatePlayerPositionOnLCD@oldY           cstackCOMRAM 000068
updatePlayerPositionOnLCD@selectedPlayer cstackCOMRAM 00006E
vfpfcnvrt@ap                             cstackCOMRAM 000044
vfpfcnvrt@fmt                            cstackCOMRAM 000042
vfpfcnvrt@fp                             cstackCOMRAM 000040
vfpfcnvrt@ll                             cstackCOMRAM 000048
vfprintf@ap                              cstackCOMRAM 000054
vfprintf@cfmt                            cstackCOMRAM 000056
vfprintf@fmt                             cstackCOMRAM 000052
vfprintf@fp                              cstackCOMRAM 000050
wtemp8                                   temp         000080


FUNCTION INFORMATION:

 *************** function _main *****************
 Defined at:
		line 163 in file "newmain.c"
 Parameters:    Size  Location     Type
		None
 Auto vars:     Size  Location     Type
  values         10    0[BANK1 ] unsigned char [10]
  convertion      2    0        unsigned short 
 Return value:  Size  Location     Type
                  1    wreg      void 
 Registers used:
		wreg, fsr2l, fsr2h, status,2, status,0, prodl, prodh, cstack
 Tracked objects:
		On entry : 
		On exit  : 
		Unchanged: 
 Data sizes:     COMRAM   BANK0   BANK1   BANK2   BANK3   BANK4   BANK5   BANK6   BANK7   BANK8   BANK9  BANK10  BANK11  BANK12  BANK13  BANK14  BANK15
      Params:         0       0       0       0       0       0       0       0       0       0       0       0       0       0       0       0       0
      Locals:         0       0      12       0       0       0       0       0       0       0       0       0       0       0       0       0       0
      Temps:          0       0       0       0       0       0       0       0       0       0       0       0       0       0       0       0       0
      Totals:         0       0      12       0       0       0       0       0       0       0       0       0       0       0       0       0       0
Total ram usage:       12 bytes
 Hardware stack levels required when called:   12
 This function calls:
		_InitLCD
		_LCDAddSpecialCharacter
		_LCDDat
		_LCDGoto
		_initADC
		_readADCChannel
 This function is called by:
		Startup code after reset
 This function uses a non-reentrant model


 *************** function _readADCChannel *****************
 Defined at:
		line 13 in file "./ADC.h"
 Parameters:    Size  Location     Type
  channel         1    wreg     unsigned char 
 Auto vars:     Size  Location     Type
  channel         1   18[BANK0 ] unsigned char 
 Return value:  Size  Location     Type
                  2   14[BANK0 ] unsigned short 
 Registers used:
		wreg, status,2, status,0
 Tracked objects:
		On entry : 
		On exit  : 
		Unchanged: 
 Data sizes:     COMRAM   BANK0   BANK1   BANK2   BANK3   BANK4   BANK5   BANK6   BANK7   BANK8   BANK9  BANK10  BANK11  BANK12  BANK13  BANK14  BANK15
      Params:         0       2       0       0       0       0       0       0       0       0       0       0       0       0       0       0       0
      Locals:         0       1       0       0       0       0       0       0       0       0       0       0       0       0       0       0       0
      Temps:          0       2       0       0       0       0       0       0       0       0       0       0       0       0       0       0       0
      Totals:         0       5       0       0       0       0       0       0       0       0       0       0       0       0       0       0       0
Total ram usage:        5 bytes
 Hardware stack levels used:    1
 Hardware stack levels required when called:   10
 This function calls:
		Nothing
 This function is called by:
		_main
 This function uses a non-reentrant model


 *************** function _initADC *****************
 Defined at:
		line 35 in file "./ADC.h"
 Parameters:    Size  Location     Type
		None
 Auto vars:     Size  Location     Type
		None
 Return value:  Size  Location     Type
                  1    wreg      void 
 Registers used:
		None
 Tracked objects:
		On entry : 
		On exit  : 
		Unchanged: 
 Data sizes:     COMRAM   BANK0   BANK1   BANK2   BANK3   BANK4   BANK5   BANK6   BANK7   BANK8   BANK9  BANK10  BANK11  BANK12  BANK13  BANK14  BANK15
      Params:         0       0       0       0       0       0       0       0       0       0       0       0       0       0       0       0       0
      Locals:         0       0       0       0       0       0       0       0       0       0       0       0       0       0       0       0       0
      Temps:          0       0       0       0       0       0       0       0       0       0       0       0       0       0       0       0       0
      Totals:         0       0       0       0       0       0       0       0       0       0       0       0       0       0       0       0       0
Total ram usage:        0 bytes
 Hardware stack levels used:    1
 Hardware stack levels required when called:   10
 This function calls:
		Nothing
 This function is called by:
		_main
 This function uses a non-reentrant model


 *************** function _LCDGoto *****************
 Defined at:
		line 72 in file "./LCD.h"
 Parameters:    Size  Location     Type
  p_2             1    wreg     unsigned char 
  p_1             1   16[BANK0 ] unsigned char 
 Auto vars:     Size  Location     Type
  p_2             1   17[BANK0 ] unsigned char 
 Return value:  Size  Location     Type
                  1    wreg      void 
 Registers used:
		wreg, status,2, status,0, cstack
 Tracked objects:
		On entry : 
		On exit  : 
		Unchanged: 
 Data sizes:     COMRAM   BANK0   BANK1   BANK2   BANK3   BANK4   BANK5   BANK6   BANK7   BANK8   BANK9  BANK10  BANK11  BANK12  BANK13  BANK14  BANK15
      Params:         0       1       0       0       0       0       0       0       0       0       0       0       0       0       0       0       0
      Locals:         0       1       0       0       0       0       0       0       0       0       0       0       0       0       0       0       0
      Temps:          0       0       0       0       0       0       0       0       0       0       0       0       0       0       0       0       0
      Totals:         0       2       0       0       0       0       0       0       0       0       0       0       0       0       0       0       0
Total ram usage:        2 bytes
 Hardware stack levels used:    1
 Hardware stack levels required when called:   11
 This function calls:
		_LCDCmd
 This function is called by:
		_main
 This function uses a non-reentrant model


 *************** function _LCDAddSpecialCharacter *****************
 Defined at:
		line 129 in file "./LCD.h"
 Parameters:    Size  Location     Type
  character_in    1    wreg     unsigned char 
  data            2   16[BANK0 ] PTR unsigned char 
		 -> frisbee(8), teamB_player(8), teamA_player(8), selected_teamB_player(8), 
		 -> selected_teamA_player(8), empty(8), 
 Auto vars:     Size  Location     Type
  character_in    1   18[BANK0 ] unsigned char 
  i               1   19[BANK0 ] unsigned char 
 Return value:  Size  Location     Type
                  1    wreg      void 
 Registers used:
		wreg, fsr2l, fsr2h, status,2, status,0, prodl, prodh, cstack
 Tracked objects:
		On entry : 
		On exit  : 
		Unchanged: 
 Data sizes:     COMRAM   BANK0   BANK1   BANK2   BANK3   BANK4   BANK5   BANK6   BANK7   BANK8   BANK9  BANK10  BANK11  BANK12  BANK13  BANK14  BANK15
      Params:         0       2       0       0       0       0       0       0       0       0       0       0       0       0       0       0       0
      Locals:         0       2       0       0       0       0       0       0       0       0       0       0       0       0       0       0       0
      Temps:          0       0       0       0       0       0       0       0       0       0       0       0       0       0       0       0       0
      Totals:         0       4       0       0       0       0       0       0       0       0       0       0       0       0       0       0       0
Total ram usage:        4 bytes
 Hardware stack levels used:    1
 Hardware stack levels required when called:   11
 This function calls:
		_LCDCmd
		_LCDDat
 This function is called by:
		_main
 This function uses a non-reentrant model


 *************** function _LCDDat *****************
 Defined at:
		line 58 in file "./LCD.h"
 Parameters:    Size  Location     Type
  dat             1    wreg     unsigned char 
 Auto vars:     Size  Location     Type
  dat             1   15[BANK0 ] unsigned char 
 Return value:  Size  Location     Type
                  1    wreg      void 
 Registers used:
		wreg
 Tracked objects:
		On entry : 
		On exit  : 
		Unchanged: 
 Data sizes:     COMRAM   BANK0   BANK1   BANK2   BANK3   BANK4   BANK5   BANK6   BANK7   BANK8   BANK9  BANK10  BANK11  BANK12  BANK13  BANK14  BANK15
      Params:         0       0       0       0       0       0       0       0       0       0       0       0       0       0       0       0       0
      Locals:         0       1       0       0       0       0       0       0       0       0       0       0       0       0       0       0       0
      Temps:          0       1       0       0       0       0       0       0       0       0       0       0       0       0       0       0       0
      Totals:         0       2       0       0       0       0       0       0       0       0       0       0       0       0       0       0       0
Total ram usage:        2 bytes
 Hardware stack levels used:    1
 Hardware stack levels required when called:   10
 This function calls:
		Nothing
 This function is called by:
		_LCDAddSpecialCharacter
		_main
		_LCDStr
 This function uses a non-reentrant model


 *************** function _InitLCD *****************
 Defined at:
		line 108 in file "./LCD.h"
 Parameters:    Size  Location     Type
		None
 Auto vars:     Size  Location     Type
		None
 Return value:  Size  Location     Type
                  1    wreg      void 
 Registers used:
		wreg, status,2, cstack
 Tracked objects:
		On entry : 
		On exit  : 
		Unchanged: 
 Data sizes:     COMRAM   BANK0   BANK1   BANK2   BANK3   BANK4   BANK5   BANK6   BANK7   BANK8   BANK9  BANK10  BANK11  BANK12  BANK13  BANK14  BANK15
      Params:         0       0       0       0       0       0       0       0       0       0       0       0       0       0       0       0       0
      Locals:         0       0       0       0       0       0       0       0       0       0       0       0       0       0       0       0       0
      Temps:          0       0       0       0       0       0       0       0       0       0       0       0       0       0       0       0       0
      Totals:         0       0       0       0       0       0       0       0       0       0       0       0       0       0       0       0       0
Total ram usage:        0 bytes
 Hardware stack levels used:    1
 Hardware stack levels required when called:   11
 This function calls:
		_LCDCmd
 This function is called by:
		_main
 This function uses a non-reentrant model


 *************** function _LCDCmd *****************
 Defined at:
		line 48 in file "./LCD.h"
 Parameters:    Size  Location     Type
  cmd             1    wreg     unsigned char 
 Auto vars:     Size  Location     Type
  cmd             1   15[BANK0 ] unsigned char 
 Return value:  Size  Location     Type
                  1    wreg      void 
 Registers used:
		wreg
 Tracked objects:
		On entry : 
		On exit  : 
		Unchanged: 
 Data sizes:     COMRAM   BANK0   BANK1   BANK2   BANK3   BANK4   BANK5   BANK6   BANK7   BANK8   BANK9  BANK10  BANK11  BANK12  BANK13  BANK14  BANK15
      Params:         0       0       0       0       0       0       0       0       0       0       0       0       0       0       0       0       0
      Locals:         0       1       0       0       0       0       0       0       0       0       0       0       0       0       0       0       0
      Temps:          0       1       0       0       0       0       0       0       0       0       0       0       0       0       0       0       0
      Totals:         0       2       0       0       0       0       0       0       0       0       0       0       0       0       0       0       0
Total ram usage:        2 bytes
 Hardware stack levels used:    1
 Hardware stack levels required when called:   10
 This function calls:
		Nothing
 This function is called by:
		_LCDGoto
		_InitLCD
		_LCDAddSpecialCharacter
 This function uses a non-reentrant model


 *************** function _FNC *****************
 Defined at:
		line 86 in file "newmain.c"
 Parameters:    Size  Location     Type
		None
 Auto vars:     Size  Location     Type
  oldY            2  115[COMRAM] int 
  oldX            2  113[COMRAM] int 
 Return value:  Size  Location     Type
                  1    wreg      void 
 Registers used:
		wreg, fsr1l, fsr1h, fsr2l, fsr2h, status,2, status,0, tblptrl, tblptrh, tblptru, prodl, prodh, cstack
 Tracked objects:
		On entry : 
		On exit  : 
		Unchanged: 
 Data sizes:     COMRAM   BANK0   BANK1   BANK2   BANK3   BANK4   BANK5   BANK6   BANK7   BANK8   BANK9  BANK10  BANK11  BANK12  BANK13  BANK14  BANK15
      Params:         0       0       0       0       0       0       0       0       0       0       0       0       0       0       0       0       0
      Locals:         4       0       0       0       0       0       0       0       0       0       0       0       0       0       0       0       0
      Temps:          0      14       0       0       0       0       0       0       0       0       0       0       0       0       0       0       0
      Totals:         4      14       0       0       0       0       0       0       0       0       0       0       0       0       0       0       0
Total ram usage:       18 bytes
 Hardware stack levels used:    1
 Hardware stack levels required when called:    9
 This function calls:
		___awmod
		_printf
		_updatePlayerPositionOnLCD
 This function is called by:
		Interrupt level 2
 This function uses a non-reentrant model


 *************** function _updatePlayerPositionOnLCD *****************
 Defined at:
		line 72 in file "newmain.c"
 Parameters:    Size  Location     Type
  oldX            2  101[COMRAM] int 
  oldY            2  103[COMRAM] int 
  newX            2  105[COMRAM] int 
  newY            2  107[COMRAM] int 
  selectedPlay    2  109[COMRAM] int 
 Auto vars:     Size  Location     Type
		None
 Return value:  Size  Location     Type
                  1    wreg      void 
 Registers used:
		wreg, fsr1l, fsr1h, fsr2l, fsr2h, status,2, status,0, tblptrl, tblptrh, tblptru, prodl, prodh, cstack
 Tracked objects:
		On entry : 
		On exit  : 
		Unchanged: 
 Data sizes:     COMRAM   BANK0   BANK1   BANK2   BANK3   BANK4   BANK5   BANK6   BANK7   BANK8   BANK9  BANK10  BANK11  BANK12  BANK13  BANK14  BANK15
      Params:        10       0       0       0       0       0       0       0       0       0       0       0       0       0       0       0       0
      Locals:         2       0       0       0       0       0       0       0       0       0       0       0       0       0       0       0       0
      Temps:          0       0       0       0       0       0       0       0       0       0       0       0       0       0       0       0       0
      Totals:        12       0       0       0       0       0       0       0       0       0       0       0       0       0       0       0       0
Total ram usage:       12 bytes
 Hardware stack levels used:    1
 Hardware stack levels required when called:    8
 This function calls:
		_printf
		i2_LCDAddSpecialCharacter
		i2_LCDDat
		i2_LCDGoto
 This function is called by:
		_FNC
 This function uses a non-reentrant model


 *************** function i2_LCDGoto *****************
 Defined at:
		line 72 in file "./LCD.h"
 Parameters:    Size  Location     Type
  p_2             1    wreg     unsigned char 
  p_1             1    2[COMRAM] unsigned char 
 Auto vars:     Size  Location     Type
  p_2             1    3[COMRAM] unsigned char 
 Return value:  Size  Location     Type
                  1    wreg      void 
 Registers used:
		wreg, status,2, status,0, cstack
 Tracked objects:
		On entry : 
		On exit  : 
		Unchanged: 
 Data sizes:     COMRAM   BANK0   BANK1   BANK2   BANK3   BANK4   BANK5   BANK6   BANK7   BANK8   BANK9  BANK10  BANK11  BANK12  BANK13  BANK14  BANK15
      Params:         1       0       0       0       0       0       0       0       0       0       0       0       0       0       0       0       0
      Locals:         1       0       0       0       0       0       0       0       0       0       0       0       0       0       0       0       0
      Temps:          0       0       0       0       0       0       0       0       0       0       0       0       0       0       0       0       0
      Totals:         2       0       0       0       0       0       0       0       0       0       0       0       0       0       0       0       0
Total ram usage:        2 bytes
 Hardware stack levels used:    1
 Hardware stack levels required when called:    1
 This function calls:
		i2_LCDCmd
 This function is called by:
		_updatePlayerPositionOnLCD
 This function uses a non-reentrant model


 *************** function i2_LCDAddSpecialCharacter *****************
 Defined at:
		line 129 in file "./LCD.h"
 Parameters:    Size  Location     Type
  character_in    1    wreg     unsigned char 
  data            2    2[COMRAM] PTR unsigned char 
		 -> frisbee(8), teamB_player(8), teamA_player(8), selected_teamB_player(8), 
		 -> selected_teamA_player(8), empty(8), 
 Auto vars:     Size  Location     Type
  character_in    1    4[COMRAM] unsigned char 
  i               1    5[COMRAM] unsigned char 
 Return value:  Size  Location     Type
                  1    wreg      void 
 Registers used:
		wreg, fsr2l, fsr2h, status,2, status,0, prodl, prodh, cstack
 Tracked objects:
		On entry : 
		On exit  : 
		Unchanged: 
 Data sizes:     COMRAM   BANK0   BANK1   BANK2   BANK3   BANK4   BANK5   BANK6   BANK7   BANK8   BANK9  BANK10  BANK11  BANK12  BANK13  BANK14  BANK15
      Params:         2       0       0       0       0       0       0       0       0       0       0       0       0       0       0       0       0
      Locals:         2       0       0       0       0       0       0       0       0       0       0       0       0       0       0       0       0
      Temps:          0       0       0       0       0       0       0       0       0       0       0       0       0       0       0       0       0
      Totals:         4       0       0       0       0       0       0       0       0       0       0       0       0       0       0       0       0
Total ram usage:        4 bytes
 Hardware stack levels used:    1
 Hardware stack levels required when called:    1
 This function calls:
		i2_LCDCmd
		i2_LCDDat
 This function is called by:
		_updatePlayerPositionOnLCD
 This function uses a non-reentrant model


 *************** function i2_LCDDat *****************
 Defined at:
		line 58 in file "./LCD.h"
 Parameters:    Size  Location     Type
  dat             1    wreg     unsigned char 
 Auto vars:     Size  Location     Type
  dat             1    1[COMRAM] unsigned char 
 Return value:  Size  Location     Type
                  1    wreg      void 
 Registers used:
		wreg
 Tracked objects:
		On entry : 
		On exit  : 
		Unchanged: 
 Data sizes:     COMRAM   BANK0   BANK1   BANK2   BANK3   BANK4   BANK5   BANK6   BANK7   BANK8   BANK9  BANK10  BANK11  BANK12  BANK13  BANK14  BANK15
      Params:         0       0       0       0       0       0       0       0       0       0       0       0       0       0       0       0       0
      Locals:         1       0       0       0       0       0       0       0       0       0       0       0       0       0       0       0       0
      Temps:          1       0       0       0       0       0       0       0       0       0       0       0       0       0       0       0       0
      Totals:         2       0       0       0       0       0       0       0       0       0       0       0       0       0       0       0       0
Total ram usage:        2 bytes
 Hardware stack levels used:    1
 This function calls:
		Nothing
 This function is called by:
		_updatePlayerPositionOnLCD
		i2_LCDAddSpecialCharacter
 This function uses a non-reentrant model


 *************** function i2_LCDCmd *****************
 Defined at:
		line 48 in file "./LCD.h"
 Parameters:    Size  Location     Type
  cmd             1    wreg     unsigned char 
 Auto vars:     Size  Location     Type
  cmd             1    1[COMRAM] unsigned char 
 Return value:  Size  Location     Type
                  1    wreg      void 
 Registers used:
		wreg
 Tracked objects:
		On entry : 
		On exit  : 
		Unchanged: 
 Data sizes:     COMRAM   BANK0   BANK1   BANK2   BANK3   BANK4   BANK5   BANK6   BANK7   BANK8   BANK9  BANK10  BANK11  BANK12  BANK13  BANK14  BANK15
      Params:         0       0       0       0       0       0       0       0       0       0       0       0       0       0       0       0       0
      Locals:         1       0       0       0       0       0       0       0       0       0       0       0       0       0       0       0       0
      Temps:          1       0       0       0       0       0       0       0       0       0       0       0       0       0       0       0       0
      Totals:         2       0       0       0       0       0       0       0       0       0       0       0       0       0       0       0       0
Total ram usage:        2 bytes
 Hardware stack levels used:    1
 This function calls:
		Nothing
 This function is called by:
		i2_LCDGoto
		i2_LCDAddSpecialCharacter
 This function uses a non-reentrant model


 *************** function _printf *****************
 Defined at:
		line 5 in file "/opt/microchip/xc8/v2.30/pic/sources/c99/common/printf.c"
 Parameters:    Size  Location     Type
  fmt             2   87[COMRAM] PTR const unsigned char 
		 -> STR_2(13), STR_1(52), 
 Auto vars:     Size  Location     Type
  ap              2   99[COMRAM] PTR void [1]
		 -> ?_printf(2), 
  ret             2    0        int 
 Return value:  Size  Location     Type
                  2   87[COMRAM] int 
 Registers used:
		wreg, fsr1l, fsr1h, fsr2l, fsr2h, status,2, status,0, tblptrl, tblptrh, tblptru, cstack
 Tracked objects:
		On entry : 
		On exit  : 
		Unchanged: 
 Data sizes:     COMRAM   BANK0   BANK1   BANK2   BANK3   BANK4   BANK5   BANK6   BANK7   BANK8   BANK9  BANK10  BANK11  BANK12  BANK13  BANK14  BANK15
      Params:        10       0       0       0       0       0       0       0       0       0       0       0       0       0       0       0       0
      Locals:         4       0       0       0       0       0       0       0       0       0       0       0       0       0       0       0       0
      Temps:          0       0       0       0       0       0       0       0       0       0       0       0       0       0       0       0       0
      Totals:        14       0       0       0       0       0       0       0       0       0       0       0       0       0       0       0       0
Total ram usage:       14 bytes
 Hardware stack levels used:    1
 Hardware stack levels required when called:    7
 This function calls:
		_vfprintf
 This function is called by:
		_updatePlayerPositionOnLCD
		_FNC
 This function uses a non-reentrant model


 *************** function _vfprintf *****************
 Defined at:
		line 1390 in file "/opt/microchip/xc8/v2.30/pic/sources/c99/common/doprnt.c"
 Parameters:    Size  Location     Type
  fp              2   79[COMRAM] PTR struct _IO_FILE
		 -> NULL(0), 
  fmt             2   81[COMRAM] PTR const unsigned char 
		 -> STR_2(13), STR_1(52), 
  ap              2   83[COMRAM] PTR PTR void 
		 -> printf@ap(2), 
 Auto vars:     Size  Location     Type
  cfmt            2   85[COMRAM] PTR unsigned char 
		 -> STR_2(13), STR_1(52), 
 Return value:  Size  Location     Type
                  2   79[COMRAM] int 
 Registers used:
		wreg, fsr1l, fsr1h, fsr2l, fsr2h, status,2, status,0, tblptrl, tblptrh, tblptru, cstack
 Tracked objects:
		On entry : 
		On exit  : 
		Unchanged: 
 Data sizes:     COMRAM   BANK0   BANK1   BANK2   BANK3   BANK4   BANK5   BANK6   BANK7   BANK8   BANK9  BANK10  BANK11  BANK12  BANK13  BANK14  BANK15
      Params:         6       0       0       0       0       0       0       0       0       0       0       0       0       0       0       0       0
      Locals:         2       0       0       0       0       0       0       0       0       0       0       0       0       0       0       0       0
      Temps:          0       0       0       0       0       0       0       0       0       0       0       0       0       0       0       0       0
      Totals:         8       0       0       0       0       0       0       0       0       0       0       0       0       0       0       0       0
Total ram usage:        8 bytes
 Hardware stack levels used:    1
 Hardware stack levels required when called:    6
 This function calls:
		_vfpfcnvrt
 This function is called by:
		_printf
 This function uses a non-reentrant model


 *************** function _vfpfcnvrt *****************
 Defined at:
		line 692 in file "/opt/microchip/xc8/v2.30/pic/sources/c99/common/doprnt.c"
 Parameters:    Size  Location     Type
  fp              2   63[COMRAM] PTR struct _IO_FILE
		 -> NULL(0), 
  fmt             2   65[COMRAM] PTR PTR unsigned char 
		 -> vfprintf@cfmt(2), 
  ap              2   67[COMRAM] PTR PTR void 
		 -> printf@ap(2), 
 Auto vars:     Size  Location     Type
  ll              8   71[COMRAM] long long 
  llu             8    0        unsigned long long 
  f               4    0        unsigned long long 
  vp              3    0        PTR void 
  ct              3    0        unsigned char [3]
  cp              3    0        PTR unsigned char 
  i               2    0        int 
  done            2    0        int 
  c               1    0        unsigned char 
 Return value:  Size  Location     Type
                  2   63[COMRAM] int 
 Registers used:
		wreg, fsr1l, fsr1h, fsr2l, fsr2h, status,2, status,0, tblptrl, tblptrh, tblptru, cstack
 Tracked objects:
		On entry : 
		On exit  : 
		Unchanged: 
 Data sizes:     COMRAM   BANK0   BANK1   BANK2   BANK3   BANK4   BANK5   BANK6   BANK7   BANK8   BANK9  BANK10  BANK11  BANK12  BANK13  BANK14  BANK15
      Params:         6       0       0       0       0       0       0       0       0       0       0       0       0       0       0       0       0
      Locals:         8       0       0       0       0       0       0       0       0       0       0       0       0       0       0       0       0
      Temps:          2       0       0       0       0       0       0       0       0       0       0       0       0       0       0       0       0
      Totals:        16       0       0       0       0       0       0       0       0       0       0       0       0       0       0       0       0
Total ram usage:       16 bytes
 Hardware stack levels used:    1
 Hardware stack levels required when called:    5
 This function calls:
		_dtoa
		_fputc
 This function is called by:
		_vfprintf
 This function uses a non-reentrant model


 *************** function _dtoa *****************
 Defined at:
		line 287 in file "/opt/microchip/xc8/v2.30/pic/sources/c99/common/doprnt.c"
 Parameters:    Size  Location     Type
  fp              2   27[COMRAM] PTR struct _IO_FILE
		 -> NULL(0), 
  d               8   29[COMRAM] long long 
 Auto vars:     Size  Location     Type
  n               8   53[COMRAM] long long 
  i               2   61[COMRAM] int 
  s               2   51[COMRAM] int 
  w               2   49[COMRAM] int 
  p               2   47[COMRAM] int 
 Return value:  Size  Location     Type
                  2   27[COMRAM] int 
 Registers used:
		wreg, fsr1l, fsr1h, fsr2l, fsr2h, status,2, status,0, cstack
 Tracked objects:
		On entry : 
		On exit  : 
		Unchanged: 
 Data sizes:     COMRAM   BANK0   BANK1   BANK2   BANK3   BANK4   BANK5   BANK6   BANK7   BANK8   BANK9  BANK10  BANK11  BANK12  BANK13  BANK14  BANK15
      Params:        10       0       0       0       0       0       0       0       0       0       0       0       0       0       0       0       0
      Locals:        18       0       0       0       0       0       0       0       0       0       0       0       0       0       0       0       0
      Temps:          8       0       0       0       0       0       0       0       0       0       0       0       0       0       0       0       0
      Totals:        36       0       0       0       0       0       0       0       0       0       0       0       0       0       0       0       0
Total ram usage:       36 bytes
 Hardware stack levels used:    1
 Hardware stack levels required when called:    4
 This function calls:
		___aodiv
		___aomod
		_abs
		_pad
 This function is called by:
		_vfpfcnvrt
 This function uses a non-reentrant model


 *************** function _pad *****************
 Defined at:
		line 72 in file "/opt/microchip/xc8/v2.30/pic/sources/c99/common/doprnt.c"
 Parameters:    Size  Location     Type
  fp              2   16[COMRAM] PTR struct _IO_FILE
		 -> NULL(0), 
  buf             2   18[COMRAM] PTR unsigned char 
		 -> dbuf(32), 
  p               2   20[COMRAM] int 
 Auto vars:     Size  Location     Type
  w               2   25[COMRAM] int 
  i               2   23[COMRAM] int 
 Return value:  Size  Location     Type
                  2   16[COMRAM] int 
 Registers used:
		wreg, fsr1l, fsr1h, fsr2l, fsr2h, status,2, status,0, cstack
 Tracked objects:
		On entry : 
		On exit  : 
		Unchanged: 
 Data sizes:     COMRAM   BANK0   BANK1   BANK2   BANK3   BANK4   BANK5   BANK6   BANK7   BANK8   BANK9  BANK10  BANK11  BANK12  BANK13  BANK14  BANK15
      Params:         6       0       0       0       0       0       0       0       0       0       0       0       0       0       0       0       0
      Locals:         4       0       0       0       0       0       0       0       0       0       0       0       0       0       0       0       0
      Temps:          1       0       0       0       0       0       0       0       0       0       0       0       0       0       0       0       0
      Totals:        11       0       0       0       0       0       0       0       0       0       0       0       0       0       0       0       0
Total ram usage:       11 bytes
 Hardware stack levels used:    1
 Hardware stack levels required when called:    3
 This function calls:
		_fputc
		_fputs
		_strlen
 This function is called by:
		_dtoa
 This function uses a non-reentrant model


 *************** function _strlen *****************
 Defined at:
		line 5 in file "/opt/microchip/xc8/v2.30/pic/sources/c99/common/strlen.c"
 Parameters:    Size  Location     Type
  s               2    0[COMRAM] PTR const unsigned char 
		 -> dbuf(32), 
 Auto vars:     Size  Location     Type
  a               2    2[COMRAM] PTR const unsigned char 
		 -> dbuf(32), 
 Return value:  Size  Location     Type
                  2    0[COMRAM] unsigned int 
 Registers used:
		wreg, fsr2l, fsr2h, status,2, status,0
 Tracked objects:
		On entry : 
		On exit  : 
		Unchanged: 
 Data sizes:     COMRAM   BANK0   BANK1   BANK2   BANK3   BANK4   BANK5   BANK6   BANK7   BANK8   BANK9  BANK10  BANK11  BANK12  BANK13  BANK14  BANK15
      Params:         2       0       0       0       0       0       0       0       0       0       0       0       0       0       0       0       0
      Locals:         2       0       0       0       0       0       0       0       0       0       0       0       0       0       0       0       0
      Temps:          0       0       0       0       0       0       0       0       0       0       0       0       0       0       0       0       0
      Totals:         4       0       0       0       0       0       0       0       0       0       0       0       0       0       0       0       0
Total ram usage:        4 bytes
 Hardware stack levels used:    1
 This function calls:
		Nothing
 This function is called by:
		_pad
 This function uses a non-reentrant model


 *************** function _fputs *****************
 Defined at:
		line 8 in file "/opt/microchip/xc8/v2.30/pic/sources/c99/common/nf_fputs.c"
 Parameters:    Size  Location     Type
  s               2    9[COMRAM] PTR const unsigned char 
		 -> dbuf(32), 
  fp              2   11[COMRAM] PTR struct _IO_FILE
		 -> NULL(0), 
 Auto vars:     Size  Location     Type
  i               2   14[COMRAM] int 
  c               1   13[COMRAM] unsigned char 
 Return value:  Size  Location     Type
                  2    9[COMRAM] int 
 Registers used:
		wreg, fsr1l, fsr1h, fsr2l, fsr2h, status,2, status,0, cstack
 Tracked objects:
		On entry : 
		On exit  : 
		Unchanged: 
 Data sizes:     COMRAM   BANK0   BANK1   BANK2   BANK3   BANK4   BANK5   BANK6   BANK7   BANK8   BANK9  BANK10  BANK11  BANK12  BANK13  BANK14  BANK15
      Params:         4       0       0       0       0       0       0       0       0       0       0       0       0       0       0       0       0
      Locals:         3       0       0       0       0       0       0       0       0       0       0       0       0       0       0       0       0
      Temps:          0       0       0       0       0       0       0       0       0       0       0       0       0       0       0       0       0
      Totals:         7       0       0       0       0       0       0       0       0       0       0       0       0       0       0       0       0
Total ram usage:        7 bytes
 Hardware stack levels used:    1
 Hardware stack levels required when called:    2
 This function calls:
		_fputc
 This function is called by:
		_pad
 This function uses a non-reentrant model


 *************** function _fputc *****************
 Defined at:
		line 8 in file "/opt/microchip/xc8/v2.30/pic/sources/c99/common/nf_fputc.c"
 Parameters:    Size  Location     Type
  c               2    0[COMRAM] int 
  fp              2    2[COMRAM] PTR struct _IO_FILE
		 -> NULL(0), 
 Auto vars:     Size  Location     Type
		None
 Return value:  Size  Location     Type
                  2    0[COMRAM] int 
 Registers used:
		wreg, fsr1l, fsr1h, fsr2l, fsr2h, status,2, status,0, cstack
 Tracked objects:
		On entry : 
		On exit  : 
		Unchanged: 
 Data sizes:     COMRAM   BANK0   BANK1   BANK2   BANK3   BANK4   BANK5   BANK6   BANK7   BANK8   BANK9  BANK10  BANK11  BANK12  BANK13  BANK14  BANK15
      Params:         4       0       0       0       0       0       0       0       0       0       0       0       0       0       0       0       0
      Locals:         0       0       0       0       0       0       0       0       0       0       0       0       0       0       0       0       0
      Temps:          5       0       0       0       0       0       0       0       0       0       0       0       0       0       0       0       0
      Totals:         9       0       0       0       0       0       0       0       0       0       0       0       0       0       0       0       0
Total ram usage:        9 bytes
 Hardware stack levels used:    1
 Hardware stack levels required when called:    1
 This function calls:
		_putch
 This function is called by:
		_pad
		_vfpfcnvrt
		_fputs
 This function uses a non-reentrant model


 *************** function _putch *****************
 Defined at:
		line 7 in file "/opt/microchip/xc8/v2.30/pic/sources/c99/common/putch.c"
 Parameters:    Size  Location     Type
  c               1    wreg     unsigned char 
 Auto vars:     Size  Location     Type
  c               1    0[COMRAM] unsigned char 
 Return value:  Size  Location     Type
                  1    wreg      void 
 Registers used:
		wreg
 Tracked objects:
		On entry : 
		On exit  : 
		Unchanged: 
 Data sizes:     COMRAM   BANK0   BANK1   BANK2   BANK3   BANK4   BANK5   BANK6   BANK7   BANK8   BANK9  BANK10  BANK11  BANK12  BANK13  BANK14  BANK15
      Params:         0       0       0       0       0       0       0       0       0       0       0       0       0       0       0       0       0
      Locals:         0       0       0       0       0       0       0       0       0       0       0       0       0       0       0       0       0
      Temps:          0       0       0       0       0       0       0       0       0       0       0       0       0       0       0       0       0
      Totals:         0       0       0       0       0       0       0       0       0       0       0       0       0       0       0       0       0
Total ram usage:        0 bytes
 Hardware stack levels used:    1
 This function calls:
		Nothing
 This function is called by:
		_fputc
 This function uses a non-reentrant model


 *************** function _abs *****************
 Defined at:
		line 1 in file "/opt/microchip/xc8/v2.30/pic/sources/c99/common/abs.c"
 Parameters:    Size  Location     Type
  a               2   18[COMRAM] int 
 Auto vars:     Size  Location     Type
		None
 Return value:  Size  Location     Type
                  2   18[COMRAM] int 
 Registers used:
		wreg, status,2, status,0
 Tracked objects:
		On entry : 
		On exit  : 
		Unchanged: 
 Data sizes:     COMRAM   BANK0   BANK1   BANK2   BANK3   BANK4   BANK5   BANK6   BANK7   BANK8   BANK9  BANK10  BANK11  BANK12  BANK13  BANK14  BANK15
      Params:         2       0       0       0       0       0       0       0       0       0       0       0       0       0       0       0       0
      Locals:         0       0       0       0       0       0       0       0       0       0       0       0       0       0       0       0       0
      Temps:          2       0       0       0       0       0       0       0       0       0       0       0       0       0       0       0       0
      Totals:         4       0       0       0       0       0       0       0       0       0       0       0       0       0       0       0       0
Total ram usage:        4 bytes
 Hardware stack levels used:    1
 This function calls:
		Nothing
 This function is called by:
		_dtoa
 This function uses a non-reentrant model


 *************** function ___aomod *****************
 Defined at:
		line 9 in file "/opt/microchip/xc8/v2.30/pic/sources/c99/common/aomod.c"
 Parameters:    Size  Location     Type
  dividend        8    0[COMRAM] long long 
  divisor         8    8[COMRAM] long long 
 Auto vars:     Size  Location     Type
  sign            1   17[COMRAM] unsigned char 
  counter         1   16[COMRAM] unsigned char 
 Return value:  Size  Location     Type
                  8    0[COMRAM] long long 
 Registers used:
		wreg, status,2, status,0
 Tracked objects:
		On entry : 
		On exit  : 
		Unchanged: 
 Data sizes:     COMRAM   BANK0   BANK1   BANK2   BANK3   BANK4   BANK5   BANK6   BANK7   BANK8   BANK9  BANK10  BANK11  BANK12  BANK13  BANK14  BANK15
      Params:        16       0       0       0       0       0       0       0       0       0       0       0       0       0       0       0       0
      Locals:         2       0       0       0       0       0       0       0       0       0       0       0       0       0       0       0       0
      Temps:          0       0       0       0       0       0       0       0       0       0       0       0       0       0       0       0       0
      Totals:        18       0       0       0       0       0       0       0       0       0       0       0       0       0       0       0       0
Total ram usage:       18 bytes
 Hardware stack levels used:    1
 This function calls:
		Nothing
 This function is called by:
		_dtoa
 This function uses a non-reentrant model


 *************** function ___aodiv *****************
 Defined at:
		line 9 in file "/opt/microchip/xc8/v2.30/pic/sources/c99/common/aodiv.c"
 Parameters:    Size  Location     Type
  dividend        8    0[COMRAM] long long 
  divisor         8    8[COMRAM] long long 
 Auto vars:     Size  Location     Type
  quotient        8   18[COMRAM] long long 
  sign            1   17[COMRAM] unsigned char 
  counter         1   16[COMRAM] unsigned char 
 Return value:  Size  Location     Type
                  8    0[COMRAM] long long 
 Registers used:
		wreg, fsr2l, fsr2h, status,2, status,0
 Tracked objects:
		On entry : 
		On exit  : 
		Unchanged: 
 Data sizes:     COMRAM   BANK0   BANK1   BANK2   BANK3   BANK4   BANK5   BANK6   BANK7   BANK8   BANK9  BANK10  BANK11  BANK12  BANK13  BANK14  BANK15
      Params:        16       0       0       0       0       0       0       0       0       0       0       0       0       0       0       0       0
      Locals:        10       0       0       0       0       0       0       0       0       0       0       0       0       0       0       0       0
      Temps:          0       0       0       0       0       0       0       0       0       0       0       0       0       0       0       0       0
      Totals:        26       0       0       0       0       0       0       0       0       0       0       0       0       0       0       0       0
Total ram usage:       26 bytes
 Hardware stack levels used:    1
 This function calls:
		Nothing
 This function is called by:
		_dtoa
 This function uses a non-reentrant model


 *************** function ___awmod *****************
 Defined at:
		line 7 in file "/opt/microchip/xc8/v2.30/pic/sources/c99/common/awmod.c"
 Parameters:    Size  Location     Type
  dividend        2    0[COMRAM] int 
  divisor         2    2[COMRAM] int 
 Auto vars:     Size  Location     Type
  sign            1    5[COMRAM] unsigned char 
  counter         1    4[COMRAM] unsigned char 
 Return value:  Size  Location     Type
                  2    0[COMRAM] int 
 Registers used:
		wreg, status,2, status,0
 Tracked objects:
		On entry : 
		On exit  : 
		Unchanged: 
 Data sizes:     COMRAM   BANK0   BANK1   BANK2   BANK3   BANK4   BANK5   BANK6   BANK7   BANK8   BANK9  BANK10  BANK11  BANK12  BANK13  BANK14  BANK15
      Params:         4       0       0       0       0       0       0       0       0       0       0       0       0       0       0       0       0
      Locals:         2       0       0       0       0       0       0       0       0       0       0       0       0       0       0       0       0
      Temps:          0       0       0       0       0       0       0       0       0       0       0       0       0       0       0       0       0
      Totals:         6       0       0       0       0       0       0       0       0       0       0       0       0       0       0       0       0
Total ram usage:        6 bytes
 Hardware stack levels used:    1
 This function calls:
		Nothing
 This function is called by:
		_FNC
 This function uses a non-reentrant model



MODULE INFORMATION

Module		Function		Class		Link	Load	Size
/opt/microchip/xc8/v2.30/pic/sources/c99/common/nf_fputc.c
		_fputc         		CODE           	1E72	0000	150

/opt/microchip/xc8/v2.30/pic/sources/c99/common/nf_fputc.c estimated size: 150

/opt/microchip/xc8/v2.30/pic/sources/c99/common/aomod.c
		___aomod       		CODE           	1960	0000	356

/opt/microchip/xc8/v2.30/pic/sources/c99/common/aomod.c estimated size: 356

./ADC.h
		_readADCChannel		CODE           	1D3A	0000	158
		_initADC       		CODE           	238E	0000	36

./ADC.h estimated size: 194

/opt/microchip/xc8/v2.30/pic/sources/c99/common/strlen.c
		_strlen        		CODE           	229E	0000	54

/opt/microchip/xc8/v2.30/pic/sources/c99/common/strlen.c estimated size: 54

/opt/microchip/xc8/v2.30/pic/sources/c99/common/awmod.c
		___awmod       		CODE           	1C8A	0000	176

/opt/microchip/xc8/v2.30/pic/sources/c99/common/awmod.c estimated size: 176

/opt/microchip/xc8/v2.30/pic/sources/c99/common/putch.c
		_putch         		CODE           	23CE	0000	2

/opt/microchip/xc8/v2.30/pic/sources/c99/common/putch.c estimated size: 2

newmain.c
		_main          		CODE           	1AC4	0000	260
		_FNC           		CODE           	0008	0000	776
		_updatePlayerPositionOnLCD		CODE           	1DD8	0000	154

newmain.c estimated size: 1190

/opt/microchip/xc8/v2.30/pic/sources/c99/common/doprnt.c
		_vfpfcnvrt     		CODE           	1624	0000	436
		_pad           		CODE           	1BC8	0000	194
		_dtoa          		CODE           	1346	0000	734
		_vfprintf      		CODE           	2084	0000	98

/opt/microchip/xc8/v2.30/pic/sources/c99/common/doprnt.c estimated size: 1462

./LCD.h
		_LCDCmd        		CODE           	2268	0000	54
		_InitLCD       		CODE           	22D4	0000	50
		_LCDDat        		CODE           	21F8	0000	56
		_LCDAddSpecialCharacter		CODE           	2178	0000	64
		_LCDGoto       		CODE           	1F98	0000	120

./LCD.h estimated size: 344

/opt/microchip/xc8/v2.30/pic/sources/c99/common/aodiv.c
		___aodiv       		CODE           	17D8	0000	392

/opt/microchip/xc8/v2.30/pic/sources/c99/common/aodiv.c estimated size: 392

/opt/microchip/xc8/v2.30/pic/sources/c99/common/nf_fputs.c
		_fputs         		CODE           	2134	0000	68

/opt/microchip/xc8/v2.30/pic/sources/c99/common/nf_fputs.c estimated size: 68

shared
		i2_LCDGoto     		CODE           	2010	0000	116
		i2_LCDAddSpecialCharacter		CODE           	2230	0000	56
		i2_LCDCmd      		CODE           	2338	0000	48
		__initialization		CODE           	1F08	0000	130
		i2_LCDDat      		CODE           	2306	0000	50

shared estimated size: 400

/opt/microchip/xc8/v2.30/pic/sources/c99/common/printf.c
		_printf        		CODE           	2368	0000	38

/opt/microchip/xc8/v2.30/pic/sources/c99/common/printf.c estimated size: 38

/opt/microchip/xc8/v2.30/pic/sources/c99/common/abs.c
		_abs           		CODE           	21B8	0000	64

/opt/microchip/xc8/v2.30/pic/sources/c99/common/abs.c estimated size: 64

